Archive member included to satisfy reference by file (symbol)

C:/ST/STM32CubeIDE_1.10.1/STM32CubeIDE/plugins/com.st.stm32cube.ide.mcu.externaltools.gnu-tools-for-stm32.11.3.rel1.win32_1.1.0.202305231506/tools/bin/../lib/gcc/arm-none-eabi/11.3.1/../../../../arm-none-eabi/lib/thumb/v7e-m+fp/hard\libc_nano.a(libc_a-exit.o)
                              C:/ST/STM32CubeIDE_1.10.1/STM32CubeIDE/plugins/com.st.stm32cube.ide.mcu.externaltools.gnu-tools-for-stm32.11.3.rel1.win32_1.1.0.202305231506/tools/bin/../lib/gcc/arm-none-eabi/11.3.1/../../../../arm-none-eabi/lib/thumb/v7e-m+fp/hard/crt0.o (exit)
C:/ST/STM32CubeIDE_1.10.1/STM32CubeIDE/plugins/com.st.stm32cube.ide.mcu.externaltools.gnu-tools-for-stm32.11.3.rel1.win32_1.1.0.202305231506/tools/bin/../lib/gcc/arm-none-eabi/11.3.1/../../../../arm-none-eabi/lib/thumb/v7e-m+fp/hard\libc_nano.a(libc_a-realloc.o)
                              ./Core/Src/ros_port.o (realloc)
C:/ST/STM32CubeIDE_1.10.1/STM32CubeIDE/plugins/com.st.stm32cube.ide.mcu.externaltools.gnu-tools-for-stm32.11.3.rel1.win32_1.1.0.202305231506/tools/bin/../lib/gcc/arm-none-eabi/11.3.1/../../../../arm-none-eabi/lib/thumb/v7e-m+fp/hard\libc_nano.a(libc_a-reallocr.o)
                              C:/ST/STM32CubeIDE_1.10.1/STM32CubeIDE/plugins/com.st.stm32cube.ide.mcu.externaltools.gnu-tools-for-stm32.11.3.rel1.win32_1.1.0.202305231506/tools/bin/../lib/gcc/arm-none-eabi/11.3.1/../../../../arm-none-eabi/lib/thumb/v7e-m+fp/hard\libc_nano.a(libc_a-realloc.o) (_realloc_r)
C:/ST/STM32CubeIDE_1.10.1/STM32CubeIDE/plugins/com.st.stm32cube.ide.mcu.externaltools.gnu-tools-for-stm32.11.3.rel1.win32_1.1.0.202305231506/tools/bin/../lib/gcc/arm-none-eabi/11.3.1/../../../../arm-none-eabi/lib/thumb/v7e-m+fp/hard\libc_nano.a(libc_a-findfp.o)
                              C:/ST/STM32CubeIDE_1.10.1/STM32CubeIDE/plugins/com.st.stm32cube.ide.mcu.externaltools.gnu-tools-for-stm32.11.3.rel1.win32_1.1.0.202305231506/tools/bin/../lib/gcc/arm-none-eabi/11.3.1/../../../../arm-none-eabi/lib/thumb/v7e-m+fp/hard\libc_nano.a(libc_a-exit.o) (__stdio_exit_handler)
C:/ST/STM32CubeIDE_1.10.1/STM32CubeIDE/plugins/com.st.stm32cube.ide.mcu.externaltools.gnu-tools-for-stm32.11.3.rel1.win32_1.1.0.202305231506/tools/bin/../lib/gcc/arm-none-eabi/11.3.1/../../../../arm-none-eabi/lib/thumb/v7e-m+fp/hard\libc_nano.a(libc_a-fwalk.o)
                              C:/ST/STM32CubeIDE_1.10.1/STM32CubeIDE/plugins/com.st.stm32cube.ide.mcu.externaltools.gnu-tools-for-stm32.11.3.rel1.win32_1.1.0.202305231506/tools/bin/../lib/gcc/arm-none-eabi/11.3.1/../../../../arm-none-eabi/lib/thumb/v7e-m+fp/hard\libc_nano.a(libc_a-findfp.o) (_fwalk_sglue)
C:/ST/STM32CubeIDE_1.10.1/STM32CubeIDE/plugins/com.st.stm32cube.ide.mcu.externaltools.gnu-tools-for-stm32.11.3.rel1.win32_1.1.0.202305231506/tools/bin/../lib/gcc/arm-none-eabi/11.3.1/../../../../arm-none-eabi/lib/thumb/v7e-m+fp/hard\libc_nano.a(libc_a-stdio.o)
                              C:/ST/STM32CubeIDE_1.10.1/STM32CubeIDE/plugins/com.st.stm32cube.ide.mcu.externaltools.gnu-tools-for-stm32.11.3.rel1.win32_1.1.0.202305231506/tools/bin/../lib/gcc/arm-none-eabi/11.3.1/../../../../arm-none-eabi/lib/thumb/v7e-m+fp/hard\libc_nano.a(libc_a-findfp.o) (__sread)
C:/ST/STM32CubeIDE_1.10.1/STM32CubeIDE/plugins/com.st.stm32cube.ide.mcu.externaltools.gnu-tools-for-stm32.11.3.rel1.win32_1.1.0.202305231506/tools/bin/../lib/gcc/arm-none-eabi/11.3.1/../../../../arm-none-eabi/lib/thumb/v7e-m+fp/hard\libc_nano.a(libc_a-memset.o)
                              C:/ST/STM32CubeIDE_1.10.1/STM32CubeIDE/plugins/com.st.stm32cube.ide.mcu.externaltools.gnu-tools-for-stm32.11.3.rel1.win32_1.1.0.202305231506/tools/bin/../lib/gcc/arm-none-eabi/11.3.1/../../../../arm-none-eabi/lib/thumb/v7e-m+fp/hard/crt0.o (memset)
C:/ST/STM32CubeIDE_1.10.1/STM32CubeIDE/plugins/com.st.stm32cube.ide.mcu.externaltools.gnu-tools-for-stm32.11.3.rel1.win32_1.1.0.202305231506/tools/bin/../lib/gcc/arm-none-eabi/11.3.1/../../../../arm-none-eabi/lib/thumb/v7e-m+fp/hard\libc_nano.a(libc_a-closer.o)
                              C:/ST/STM32CubeIDE_1.10.1/STM32CubeIDE/plugins/com.st.stm32cube.ide.mcu.externaltools.gnu-tools-for-stm32.11.3.rel1.win32_1.1.0.202305231506/tools/bin/../lib/gcc/arm-none-eabi/11.3.1/../../../../arm-none-eabi/lib/thumb/v7e-m+fp/hard\libc_nano.a(libc_a-stdio.o) (_close_r)
C:/ST/STM32CubeIDE_1.10.1/STM32CubeIDE/plugins/com.st.stm32cube.ide.mcu.externaltools.gnu-tools-for-stm32.11.3.rel1.win32_1.1.0.202305231506/tools/bin/../lib/gcc/arm-none-eabi/11.3.1/../../../../arm-none-eabi/lib/thumb/v7e-m+fp/hard\libc_nano.a(libc_a-reent.o)
                              C:/ST/STM32CubeIDE_1.10.1/STM32CubeIDE/plugins/com.st.stm32cube.ide.mcu.externaltools.gnu-tools-for-stm32.11.3.rel1.win32_1.1.0.202305231506/tools/bin/../lib/gcc/arm-none-eabi/11.3.1/../../../../arm-none-eabi/lib/thumb/v7e-m+fp/hard\libc_nano.a(libc_a-closer.o) (errno)
[...]
Memory Configuration

Name             Origin             Length             Attributes
RAM              0x0000000020000000 0x0000000000020000 xrw
FLASH            0x0000000008000000 0x0000000000080000 xr
*default*        0x0000000000000000 0xffffffffffffffff

Linker script and memory map

LOAD C:/ST/STM32CubeIDE_1.10.1/STM32CubeIDE/plugins/com.st.stm32cube.ide.mcu.externaltools.gnu-tools-for-stm32.11.3.rel1.win32_1.1.0.202305231506/tools/bin/../lib/gcc/arm-none-eabi/11.3.1/thumb/v7e-m+fp/hard/crti.o
LOAD C:/ST/STM32CubeIDE_1.10.1/STM32CubeIDE/plugins/com.st.stm32cube.ide.mcu.externaltools.gnu-tools-for-stm32.11.3.rel1.win32_1.1.0.202305231506/tools/bin/../lib/gcc/arm-none-eabi/11.3.1/thumb/v7e-m+fp/hard/crtbegin.o
LOAD C:/ST/STM32CubeIDE_1.10.1/STM32CubeIDE/plugins/com.st.stm32cube.ide.mcu.externaltools.gnu-tools-for-stm32.11.3.rel1.win32_1.1.0.202305231506/tools/bin/../lib/gcc/arm-none-eabi/11.3.1/../../../../arm-none-eabi/lib/thumb/v7e-m+fp/hard/crt0.o
LOAD ./Core/Inc/duration.o
LOAD ./Core/Inc/time.o
LOAD ./Core/Src/TIM_IT.o
LOAD ./Core/Src/baseball_intake.o
LOAD ./Core/Src/main.o
LOAD ./Core/Src/mainpp.o
LOAD ./Core/Src/ros_port.o
LOAD ./Core/Src/shooter.o
LOAD ./Core/Src/shooter_base.o
LOAD ./Core/Src/stm32f4xx_hal_msp.o
LOAD ./Core/Src/stm32f4xx_it.o
LOAD ./Core/Src/syscalls.o
LOAD ./Core/Src/sysmem.o
LOAD ./Core/Src/system_stm32f4xx.o
LOAD ./Core/Startup/startup_stm32f446retx.o
LOAD ./Drivers/STM32F4xx_HAL_Driver/Src/stm32f4xx_hal.o
LOAD ./Drivers/STM32F4xx_HAL_Driver/Src/stm32f4xx_hal_cortex.o
LOAD ./Drivers/STM32F4xx_HAL_Driver/Src/stm32f4xx_hal_dma.o
LOAD ./Drivers/STM32F4xx_HAL_Driver/Src/stm32f4xx_hal_dma_ex.o
LOAD ./Drivers/STM32F4xx_HAL_Driver/Src/stm32f4xx_hal_exti.o
LOAD ./Drivers/STM32F4xx_HAL_Driver/Src/stm32f4xx_hal_flash.o
LOAD ./Drivers/STM32F4xx_HAL_Driver/Src/stm32f4xx_hal_flash_ex.o
LOAD ./Drivers/STM32F4xx_HAL_Driver/Src/stm32f4xx_hal_flash_ramfunc.o
LOAD ./Drivers/STM32F4xx_HAL_Driver/Src/stm32f4xx_hal_gpio.o
LOAD ./Drivers/STM32F4xx_HAL_Driver/Src/stm32f4xx_hal_pwr.o
LOAD ./Drivers/STM32F4xx_HAL_Driver/Src/stm32f4xx_hal_pwr_ex.o
LOAD ./Drivers/STM32F4xx_HAL_Driver/Src/stm32f4xx_hal_rcc.o
LOAD ./Drivers/STM32F4xx_HAL_Driver/Src/stm32f4xx_hal_rcc_ex.o
LOAD ./Drivers/STM32F4xx_HAL_Driver/Src/stm32f4xx_hal_tim.o
LOAD ./Drivers/STM32F4xx_HAL_Driver/Src/stm32f4xx_hal_tim_ex.o
LOAD ./Drivers/STM32F4xx_HAL_Driver/Src/stm32f4xx_hal_uart.o
START GROUP
LOAD C:/ST/STM32CubeIDE_1.10.1/STM32CubeIDE/plugins/com.st.stm32cube.ide.mcu.externaltools.gnu-tools-for-stm32.11.3.rel1.win32_1.1.0.202305231506/tools/bin/../lib/gcc/arm-none-eabi/11.3.1/../../../../arm-none-eabi/lib/thumb/v7e-m+fp/hard\libstdc++_nano.a
LOAD C:/ST/STM32CubeIDE_1.10.1/STM32CubeIDE/plugins/com.st.stm32cube.ide.mcu.externaltools.gnu-tools-for-stm32.11.3.rel1.win32_1.1.0.202305231506/tools/bin/../lib/gcc/arm-none-eabi/11.3.1/../../../../arm-none-eabi/lib/thumb/v7e-m+fp/hard\libsupc++_nano.a
END GROUP
LOAD C:/ST/STM32CubeIDE_1.10.1/STM32CubeIDE/plugins/com.st.stm32cube.ide.mcu.externaltools.gnu-tools-for-stm32.11.3.rel1.win32_1.1.0.202305231506/tools/bin/../lib/gcc/arm-none-eabi/11.3.1/../../../../arm-none-eabi/lib/thumb/v7e-m+fp/hard\libstdc++_nano.a
LOAD C:/ST/STM32CubeIDE_1.10.1/STM32CubeIDE/plugins/com.st.stm32cube.ide.mcu.externaltools.gnu-tools-for-stm32.11.3.rel1.win32_1.1.0.202305231506/tools/bin/../lib/gcc/arm-none-eabi/11.3.1/../../../../arm-none-eabi/lib/thumb/v7e-m+fp/hard\libm.a
LOAD C:/ST/STM32CubeIDE_1.10.1/STM32CubeIDE/plugins/com.st.stm32cube.ide.mcu.externaltools.gnu-tools-for-stm32.11.3.rel1.win32_1.1.0.202305231506/tools/bin/../lib/gcc/arm-none-eabi/11.3.1/../../../../arm-none-eabi/lib/thumb/v7e-m+fp/hard\libc_nano.a
START GROUP
LOAD C:/ST/STM32CubeIDE_1.10.1/STM32CubeIDE/plugins/com.st.stm32cube.ide.mcu.externaltools.gnu-tools-for-stm32.11.3.rel1.win32_1.1.0.202305231506/tools/bin/../lib/gcc/arm-none-eabi/11.3.1/thumb/v7e-m+fp/hard\libgcc.a
LOAD C:/ST/STM32CubeIDE_1.10.1/STM32CubeIDE/plugins/com.st.stm32cube.ide.mcu.externaltools.gnu-tools-for-stm32.11.3.rel1.win32_1.1.0.202305231506/tools/bin/../lib/gcc/arm-none-eabi/11.3.1/../../../../arm-none-eabi/lib/thumb/v7e-m+fp/hard\libc_nano.a
END GROUP
START GROUP
LOAD C:/ST/STM32CubeIDE_1.10.1/STM32CubeIDE/plugins/com.st.stm32cube.ide.mcu.externaltools.gnu-tools-for-stm32.11.3.rel1.win32_1.1.0.202305231506/tools/bin/../lib/gcc/arm-none-eabi/11.3.1/thumb/v7e-m+fp/hard\libgcc.a
LOAD C:/ST/STM32CubeIDE_1.10.1/STM32CubeIDE/plugins/com.st.stm32cube.ide.mcu.externaltools.gnu-tools-for-stm32.11.3.rel1.win32_1.1.0.202305231506/tools/bin/../lib/gcc/arm-none-eabi/11.3.1/../../../../arm-none-eabi/lib/thumb/v7e-m+fp/hard\libc_nano.a
LOAD C:/ST/STM32CubeIDE_1.10.1/STM32CubeIDE/plugins/com.st.stm32cube.ide.mcu.externaltools.gnu-tools-for-stm32.11.3.rel1.win32_1.1.0.202305231506/tools/bin/../lib/gcc/arm-none-eabi/11.3.1/../../../../arm-none-eabi/lib/thumb/v7e-m+fp/hard\libnosys.a
END GROUP
START GROUP
LOAD C:/ST/STM32CubeIDE_1.10.1/STM32CubeIDE/plugins/com.st.stm32cube.ide.mcu.externaltools.gnu-tools-for-stm32.11.3.rel1.win32_1.1.0.202305231506/tools/bin/../lib/gcc/arm-none-eabi/11.3.1/thumb/v7e-m+fp/hard\libgcc.a
LOAD C:/ST/STM32CubeIDE_1.10.1/STM32CubeIDE/plugins/com.st.stm32cube.ide.mcu.externaltools.gnu-tools-for-stm32.11.3.rel1.win32_1.1.0.202305231506/tools/bin/../lib/gcc/arm-none-eabi/11.3.1/../../../../arm-none-eabi/lib/thumb/v7e-m+fp/hard\libc_nano.a
LOAD C:/ST/STM32CubeIDE_1.10.1/STM32CubeIDE/plugins/com.st.stm32cube.ide.mcu.externaltools.gnu-tools-for-stm32.11.3.rel1.win32_1.1.0.202305231506/tools/bin/../lib/gcc/arm-none-eabi/11.3.1/../../../../arm-none-eabi/lib/thumb/v7e-m+fp/hard\libnosys.a
END GROUP
LOAD C:/ST/STM32CubeIDE_1.10.1/STM32CubeIDE/plugins/com.st.stm32cube.ide.mcu.externaltools.gnu-tools-for-stm32.11.3.rel1.win32_1.1.0.202305231506/tools/bin/../lib/gcc/arm-none-eabi/11.3.1/thumb/v7e-m+fp/hard/crtend.o
LOAD C:/ST/STM32CubeIDE_1.10.1/STM32CubeIDE/plugins/com.st.stm32cube.ide.mcu.externaltools.gnu-tools-for-stm32.11.3.rel1.win32_1.1.0.202305231506/tools/bin/../lib/gcc/arm-none-eabi/11.3.1/thumb/v7e-m+fp/hard/crtn.o
                0x0000000020020000                _estack = (ORIGIN (RAM) + LENGTH (RAM))
                0x0000000000000200                _Min_Heap_Size = 0x200
                0x0000000000000400                _Min_Stack_Size = 0x400

.isr_vector     0x0000000008000000      0x1c4
                0x0000000008000000                . = ALIGN (0x4)
 *(.isr_vector)
 .isr_vector    0x0000000008000000      0x1c4 ./Core/Startup/startup_stm32f446retx.o
                0x0000000008000000                g_pfnVectors
                0x00000000080001c4                . = ALIGN (0x4)

.text           0x00000000080001c8     0xa114
                0x00000000080001c8                . = ALIGN (0x4)
 *(.text)
 .text          0x00000000080001c8       0x40 C:/ST/STM32CubeIDE_1.10.1/STM32CubeIDE/plugins/com.st.stm32cube.ide.mcu.externaltools.gnu-tools-for-stm32.11.3.rel1.win32_1.1.0.202305231506/tools/bin/../lib/gcc/arm-none-eabi/11.3.1/thumb/v7e-m+fp/hard/crtbegin.o
 .text          0x0000000008000208       0x10 C:/ST/STM32CubeIDE_1.10.1/STM32CubeIDE/plugins/com.st.stm32cube.ide.mcu.externaltools.gnu-tools-for-stm32.11.3.rel1.win32_1.1.0.202305231506/tools/bin/../lib/gcc/arm-none-eabi/11.3.1/../../../../arm-none-eabi/lib/thumb/v7e-m+fp/hard\libc_nano.a(libc_a-strlen.o)
                0x0000000008000208                strlen
 .text          0x0000000008000218      0x378 C:/ST/STM32CubeIDE_1.10.1/STM32CubeIDE/plugins/com.st.stm32cube.ide.mcu.externaltools.gnu-tools-for-stm32.11.3.rel1.win32_1.1.0.202305231506/tools/bin/../lib/gcc/arm-none-eabi/11.3.1/thumb/v7e-m+fp/hard\libgcc.a(_arm_addsubdf3.o)
                0x0000000008000218                __aeabi_drsub
                0x0000000008000220                __aeabi_dsub
                0x0000000008000220                __subdf3
                0x0000000008000224                __aeabi_dadd
                0x0000000008000224                __adddf3
                0x000000000800049c                __floatunsidf
                0x000000000800049c                __aeabi_ui2d
                0x00000000080004bc                __floatsidf
                0x00000000080004bc                __aeabi_i2d
                0x00000000080004e0                __aeabi_f2d
                0x00000000080004e0                __extendsfdf2
                0x0000000008000524                __floatundidf
                0x0000000008000524                __aeabi_ul2d
                0x0000000008000534                __floatdidf
                0x0000000008000534                __aeabi_l2d
 .text          0x0000000008000590      0x424 C:/ST/STM32CubeIDE_1.10.1/STM32CubeIDE/plugins/com.st.stm32cube.ide.mcu.externaltools.gnu-tools-for-stm32.11.3.rel1.win32_1.1.0.202305231506/tools/bin/../lib/gcc/arm-none-eabi/11.3.1/thumb/v7e-m+fp/hard\libgcc.a(_arm_muldivdf3.o)
                0x0000000008000590                __aeabi_dmul
                0x0000000008000590                __muldf3
                0x00000000080007e4                __divdf3
                0x00000000080007e4                __aeabi_ddiv
 .text          0x00000000080009b4      0x110 C:/ST/STM32CubeIDE_1.10.1/STM32CubeIDE/plugins/com.st.stm32cube.ide.mcu.externaltools.gnu-tools-for-stm32.11.3.rel1.win32_1.1.0.202305231506/tools/bin/../lib/gcc/arm-none-eabi/11.3.1/thumb/v7e-m+fp/hard\libgcc.a(_arm_cmpdf2.o)
                0x00000000080009b4                __gtdf2
                0x00000000080009b4                __gedf2
                0x00000000080009bc                __ltdf2
                0x00000000080009bc                __ledf2
                0x00000000080009c4                __nedf2
                0x00000000080009c4                __eqdf2
                0x00000000080009c4                __cmpdf2
                0x0000000008000a40                __aeabi_cdrcmple
                0x0000000008000a50                __aeabi_cdcmpeq
                0x0000000008000a50                __aeabi_cdcmple
                0x0000000008000a60                __aeabi_dcmpeq
                0x0000000008000a74                __aeabi_dcmplt
                0x0000000008000a88                __aeabi_dcmple
                0x0000000008000a9c                __aeabi_dcmpge
                0x0000000008000ab0                __aeabi_dcmpgt
 .text          0x0000000008000ac4       0x40 C:/ST/STM32CubeIDE_1.10.1/STM32CubeIDE/plugins/com.st.stm32cube.ide.mcu.externaltools.gnu-tools-for-stm32.11.3.rel1.win32_1.1.0.202305231506/tools/bin/../lib/gcc/arm-none-eabi/11.3.1/thumb/v7e-m+fp/hard\libgcc.a(_arm_fixunsdfsi.o)
                0x0000000008000ac4                __aeabi_d2uiz
                0x0000000008000ac4                __fixunsdfsi
 .text          0x0000000008000b04       0x30 C:/ST/STM32CubeIDE_1.10.1/STM32CubeIDE/plugins/com.st.stm32cube.ide.mcu.externaltools.gnu-tools-for-stm32.11.3.rel1.win32_1.1.0.202305231506/tools/bin/../lib/gcc/arm-none-eabi/11.3.1/thumb/v7e-m+fp/hard\libgcc.a(_aeabi_uldivmod.o)
                0x0000000008000b04                __aeabi_uldivmod
 .text          0x0000000008000b34      0x2c8 C:/ST/STM32CubeIDE_1.10.1/STM32CubeIDE/plugins/com.st.stm32cube.ide.mcu.externaltools.gnu-tools-for-stm32.11.3.rel1.win32_1.1.0.202305231506/tools/bin/../lib/gcc/arm-none-eabi/11.3.1/thumb/v7e-m+fp/hard\libgcc.a(_udivmoddi4.o)
                0x0000000008000b34                __udivmoddi4
 .text          0x0000000008000dfc        0x4 C:/ST/STM32CubeIDE_1.10.1/STM32CubeIDE/plugins/com.st.stm32cube.ide.mcu.externaltools.gnu-tools-for-stm32.11.3.rel1.win32_1.1.0.202305231506/tools/bin/../lib/gcc/arm-none-eabi/11.3.1/thumb/v7e-m+fp/hard\libgcc.a(_dvmd_tls.o)
                0x0000000008000dfc                __aeabi_idiv0
                0x0000000008000dfc                __aeabi_ldiv0
 *(.text*)
 .text._ZN3ros16normalizeSecNSecERmS0_
                0x0000000008000e00       0x58 ./Core/Inc/time.o
                0x0000000008000e00                ros::normalizeSecNSec(unsigned long&, unsigned long&)
 .text.HAL_TIM_PeriodElapsedCallback
                0x0000000008000e58       0xc4 ./Core/Src/TIM_IT.o
                0x0000000008000e58                HAL_TIM_PeriodElapsedCallback
 .text._Z13fliping_statei
                0x0000000008000f1c       0xcc ./Core/Src/baseball_intake.o
                0x0000000008000f1c                fliping_state(int)
 .text._Z13lifting_statei
                0x0000000008000fe8       0xc4 ./Core/Src/baseball_intake.o
                0x0000000008000fe8                lifting_state(int)
 .text._ZN4laji4moveEiiP12GPIO_TypeDeftS1_t
                0x00000000080010ac       0x94 ./Core/Src/baseball_intake.o
                0x00000000080010ac                laji::move(int, int, GPIO_TypeDef*, unsigned short, GPIO_TypeDef*, unsigned short)
 .text._Z18fliping_RisingEdgei
                0x0000000008001140       0x38 ./Core/Src/baseball_intake.o
                0x0000000008001140                fliping_RisingEdge(int)
 .text._Z18lifting_RisingEdgei
                0x0000000008001178       0x38 ./Core/Src/baseball_intake.o
                0x0000000008001178                lifting_RisingEdge(int)
 .text._Z10laji_Resetv
                0x00000000080011b0       0x4c ./Core/Src/baseball_intake.o
                0x00000000080011b0                laji_Reset()
 .text._Z12laji_controlv
                0x00000000080011fc       0xfc ./Core/Src/baseball_intake.o
                0x00000000080011fc                laji_control()
 .text.main     0x00000000080012f8       0x3a ./Core/Src/main.o
                0x00000000080012f8                main
 *fill*         0x0000000008001332        0x2 
 .text.SystemClock_Config
                0x0000000008001334       0xdc ./Core/Src/main.o
                0x0000000008001334                SystemClock_Config
 .text.MX_TIM1_Init
                0x0000000008001410       0xb0 ./Core/Src/main.o
 .text.MX_TIM2_Init
                0x00000000080014c0       0xa8 ./Core/Src/main.o
 .text.MX_TIM3_Init
                0x0000000008001568       0xa8 ./Core/Src/main.o
 .text.MX_TIM4_Init
                0x0000000008001610       0xcc ./Core/Src/main.o
 .text.MX_TIM5_Init
                0x00000000080016dc       0x9c ./Core/Src/main.o
 .text.MX_TIM8_Init
                0x0000000008001778      0x108 ./Core/Src/main.o
 .text.MX_TIM12_Init
                0x0000000008001880       0xa4 ./Core/Src/main.o
 .text.MX_USART2_UART_Init
                0x0000000008001924       0x54 ./Core/Src/main.o
 .text.MX_DMA_Init
                0x0000000008001978       0x50 ./Core/Src/main.o
 .text.MX_GPIO_Init
                0x00000000080019c8      0x164 ./Core/Src/main.o
 .text.Error_Handler
                0x0000000008001b2c        0xa ./Core/Src/main.o
                0x0000000008001b2c                Error_Handler
 *fill*         0x0000000008001b36        0x2 
 .text.main_function
                0x0000000008001b38       0x74 ./Core/Src/mainpp.o
                0x0000000008001b38                main_function
 .text.stm_setup
                0x0000000008001bac       0x84 ./Core/Src/mainpp.o
                0x0000000008001bac                stm_setup
 .text._ZN3ros4TimeC2Ev
                0x0000000008001c30       0x22 ./Core/Src/ros_port.o
                0x0000000008001c30                ros::Time::Time()
                0x0000000008001c30                ros::Time::Time()
 *fill*         0x0000000008001c52        0x2 
 .text._ZN3ros3MsgC2Ev
                0x0000000008001c54       0x20 ./Core/Src/ros_port.o
                0x0000000008001c54                ros::Msg::Msg()
                0x0000000008001c54                ros::Msg::Msg()
 .text._ZN8std_msgs4TimeC2Ev
                0x0000000008001c74       0x30 ./Core/Src/ros_port.o
                0x0000000008001c74                std_msgs::Time::Time()
                0x0000000008001c74                std_msgs::Time::Time()
 .text._ZNK8std_msgs4Time9serializeEPh
                0x0000000008001ca4       0xb0 ./Core/Src/ros_port.o
                0x0000000008001ca4                std_msgs::Time::serialize(unsigned char*) const
 .text._ZN8std_msgs4Time11deserializeEPh
                0x0000000008001d54       0xc8 ./Core/Src/ros_port.o
                0x0000000008001d54                std_msgs::Time::deserialize(unsigned char*)
 .text._ZN8std_msgs4Time7getTypeEv
                0x0000000008001e1c       0x1c ./Core/Src/ros_port.o
                0x0000000008001e1c                std_msgs::Time::getType()
 .text._ZN8std_msgs4Time6getMD5Ev
                0x0000000008001e38       0x1c ./Core/Src/ros_port.o
                0x0000000008001e38                std_msgs::Time::getMD5()
 .text._ZN14rosserial_msgs9TopicInfoC2Ev
                0x0000000008001e54       0x48 ./Core/Src/ros_port.o
                0x0000000008001e54                rosserial_msgs::TopicInfo::TopicInfo()
                0x0000000008001e54                rosserial_msgs::TopicInfo::TopicInfo()
 .text._ZNK14rosserial_msgs9TopicInfo9serializeEPh
                0x0000000008001e9c      0x136 ./Core/Src/ros_port.o
                0x0000000008001e9c                rosserial_msgs::TopicInfo::serialize(unsigned char*) const
 .text._ZN14rosserial_msgs9TopicInfo11deserializeEPh
                0x0000000008001fd2      0x1d0 ./Core/Src/ros_port.o
                0x0000000008001fd2                rosserial_msgs::TopicInfo::deserialize(unsigned char*)
 *fill*         0x00000000080021a2        0x2 
 .text._ZN14rosserial_msgs9TopicInfo7getTypeEv
                0x00000000080021a4       0x1c ./Core/Src/ros_port.o
                0x00000000080021a4                rosserial_msgs::TopicInfo::getType()
 .text._ZN14rosserial_msgs9TopicInfo6getMD5Ev
                0x00000000080021c0       0x1c ./Core/Src/ros_port.o
                0x00000000080021c0                rosserial_msgs::TopicInfo::getMD5()
 .text._ZN14rosserial_msgs3LogC2Ev
                0x00000000080021dc       0x34 ./Core/Src/ros_port.o
                0x00000000080021dc                rosserial_msgs::Log::Log()
                0x00000000080021dc                rosserial_msgs::Log::Log()
 .text._ZNK14rosserial_msgs3Log9serializeEPh
                0x0000000008002210       0x64 ./Core/Src/ros_port.o
                0x0000000008002210                rosserial_msgs::Log::serialize(unsigned char*) const
 .text._ZN14rosserial_msgs3Log11deserializeEPh
                0x0000000008002274       0x90 ./Core/Src/ros_port.o
                0x0000000008002274                rosserial_msgs::Log::deserialize(unsigned char*)
 .text._ZN14rosserial_msgs3Log7getTypeEv
                0x0000000008002304       0x1c ./Core/Src/ros_port.o
                0x0000000008002304                rosserial_msgs::Log::getType()
 .text._ZN14rosserial_msgs3Log6getMD5Ev
                0x0000000008002320       0x1c ./Core/Src/ros_port.o
                0x0000000008002320                rosserial_msgs::Log::getMD5()
 .text._ZN14rosserial_msgs20RequestParamResponseC2Ev
                0x000000000800233c       0x48 ./Core/Src/ros_port.o
                0x000000000800233c                rosserial_msgs::RequestParamResponse::RequestParamResponse()
                0x000000000800233c                rosserial_msgs::RequestParamResponse::RequestParamResponse()
 .text._ZNK14rosserial_msgs20RequestParamResponse9serializeEPh
                0x0000000008002384      0x222 ./Core/Src/ros_port.o
                0x0000000008002384                rosserial_msgs::RequestParamResponse::serialize(unsigned char*) const
 .text._ZN14rosserial_msgs20RequestParamResponse11deserializeEPh
                0x00000000080025a6      0x2e2 ./Core/Src/ros_port.o
                0x00000000080025a6                rosserial_msgs::RequestParamResponse::deserialize(unsigned char*)
 .text._ZN14rosserial_msgs20RequestParamResponse7getTypeEv
                0x0000000008002888       0x1c ./Core/Src/ros_port.o
                0x0000000008002888                rosserial_msgs::RequestParamResponse::getType()
 .text._ZN14rosserial_msgs20RequestParamResponse6getMD5Ev
                0x00000000080028a4       0x1c ./Core/Src/ros_port.o
                0x00000000080028a4                rosserial_msgs::RequestParamResponse::getMD5()
 .text._ZN3ros9PublisherC2EPKcPNS_3MsgEi
                0x00000000080028c0       0x2e ./Core/Src/ros_port.o
                0x00000000080028c0                ros::Publisher::Publisher(char const*, ros::Msg*, int)
                0x00000000080028c0                ros::Publisher::Publisher(char const*, ros::Msg*, int)
 .text._ZN3ros9Publisher7publishEPKNS_3MsgE
                0x00000000080028ee       0x28 ./Core/Src/ros_port.o
                0x00000000080028ee                ros::Publisher::publish(ros::Msg const*)
 .text._ZN3ros9Publisher15getEndpointTypeEv
                0x0000000008002916       0x18 ./Core/Src/ros_port.o
                0x0000000008002916                ros::Publisher::getEndpointType()
 .text._ZN13STM32Hardware10getRdmaIndEv
                0x000000000800292e       0x26 ./Core/Src/ros_port.o
                0x000000000800292e                STM32Hardware::getRdmaInd()
 .text._ZN13STM32HardwareC2Ev
                0x0000000008002954       0x40 ./Core/Src/ros_port.o
                0x0000000008002954                STM32Hardware::STM32Hardware()
                0x0000000008002954                STM32Hardware::STM32Hardware()
 .text._ZN13STM32Hardware4initEv
                0x0000000008002994       0x16 ./Core/Src/ros_port.o
                0x0000000008002994                STM32Hardware::init()
 .text._ZN13STM32Hardware10reset_rbufEv
                0x00000000080029aa       0x22 ./Core/Src/ros_port.o
                0x00000000080029aa                STM32Hardware::reset_rbuf()
 .text._ZN13STM32Hardware4readEv
                0x00000000080029cc       0x5a ./Core/Src/ros_port.o
                0x00000000080029cc                STM32Hardware::read()
 *fill*         0x0000000008002a26        0x2 
 .text._ZN13STM32Hardware5flushEv
                0x0000000008002a28       0xd0 ./Core/Src/ros_port.o
                0x0000000008002a28                STM32Hardware::flush()
 .text._ZN13STM32Hardware5writeEPhi
                0x0000000008002af8       0x94 ./Core/Src/ros_port.o
                0x0000000008002af8                STM32Hardware::write(unsigned char*, int)
 .text._ZN13STM32Hardware4timeEv
                0x0000000008002b8c       0x16 ./Core/Src/ros_port.o
                0x0000000008002b8c                STM32Hardware::time()
 *fill*         0x0000000008002ba2        0x2 
 .text._ZN13geometry_msgs5PointC2Ev
                0x0000000008002ba4       0x50 ./Core/Src/ros_port.o
                0x0000000008002ba4                geometry_msgs::Point::Point()
                0x0000000008002ba4                geometry_msgs::Point::Point()
 .text._ZNK13geometry_msgs5Point9serializeEPh
                0x0000000008002bf4      0x2e6 ./Core/Src/ros_port.o
                0x0000000008002bf4                geometry_msgs::Point::serialize(unsigned char*) const
 .text._ZN13geometry_msgs5Point11deserializeEPh
                0x0000000008002eda      0x6be ./Core/Src/ros_port.o
                0x0000000008002eda                geometry_msgs::Point::deserialize(unsigned char*)
 .text._ZN13geometry_msgs5Point7getTypeEv
                0x0000000008003598       0x1c ./Core/Src/ros_port.o
                0x0000000008003598                geometry_msgs::Point::getType()
 .text._ZN13geometry_msgs5Point6getMD5Ev
                0x00000000080035b4       0x1c ./Core/Src/ros_port.o
                0x00000000080035b4                geometry_msgs::Point::getMD5()
 .text._ZN8std_msgs4Int8C2Ev
                0x00000000080035d0       0x2c ./Core/Src/ros_port.o
                0x00000000080035d0                std_msgs::Int8::Int8()
                0x00000000080035d0                std_msgs::Int8::Int8()
 .text._ZNK8std_msgs4Int89serializeEPh
                0x00000000080035fc       0x34 ./Core/Src/ros_port.o
                0x00000000080035fc                std_msgs::Int8::serialize(unsigned char*) const
 .text._ZN8std_msgs4Int811deserializeEPh
                0x0000000008003630       0x3e ./Core/Src/ros_port.o
                0x0000000008003630                std_msgs::Int8::deserialize(unsigned char*)
 *fill*         0x000000000800366e        0x2 
 .text._ZN8std_msgs4Int87getTypeEv
                0x0000000008003670       0x1c ./Core/Src/ros_port.o
                0x0000000008003670                std_msgs::Int8::getType()
 .text._ZN8std_msgs4Int86getMD5Ev
                0x000000000800368c       0x1c ./Core/Src/ros_port.o
                0x000000000800368c                std_msgs::Int8::getMD5()
 .text._Z14angle_callbackRKN13geometry_msgs5PointE
                0x00000000080036a8       0x44 ./Core/Src/ros_port.o
                0x00000000080036a8                angle_callback(geometry_msgs::Point const&)
 .text._Z13laji_callbackRKN8std_msgs4Int8E
                0x00000000080036ec       0x24 ./Core/Src/ros_port.o
                0x00000000080036ec                laji_callback(std_msgs::Int8 const&)
 .text._Z12ori_callbackRKN8std_msgs4Int8E
                0x0000000008003710       0x24 ./Core/Src/ros_port.o
                0x0000000008003710                ori_callback(std_msgs::Int8 const&)
 .text._Z9ros_setupv
                0x0000000008003734       0x44 ./Core/Src/ros_port.o
                0x0000000008003734                ros_setup()
 .text._Z8ros_loopv
                0x0000000008003778       0x14 ./Core/Src/ros_port.o
                0x0000000008003778                ros_loop()
 .text._Z3pubv  0x000000000800378c       0x28 ./Core/Src/ros_port.o
                0x000000000800378c                pub()
 .text._Z13Error_Handlerv
                0x00000000080037b4        0xa ./Core/Src/ros_port.o
                0x00000000080037b4                Error_Handler()
 *fill*         0x00000000080037be        0x2 
 .text._ZL19MX_USART2_UART_Initv
                0x00000000080037c0       0x5c ./Core/Src/ros_port.o
 .text.HAL_UART_ErrorCallback
                0x000000000800381c       0x38 ./Core/Src/ros_port.o
                0x000000000800381c                HAL_UART_ErrorCallback
 .text.HAL_UART_TxCpltCallback
                0x0000000008003854       0x24 ./Core/Src/ros_port.o
                0x0000000008003854                HAL_UART_TxCpltCallback
 .text._ZN3ros3Msg8varToArrIPhmEEvT_T0_
                0x0000000008003878       0x3e ./Core/Src/ros_port.o
                0x0000000008003878                void ros::Msg::varToArr<unsigned char*, unsigned long>(unsigned char*, unsigned long)
 .text._ZN3ros3Msg8arrToVarImPhEEvRT_T0_
                0x00000000080038b6       0x4c ./Core/Src/ros_port.o
                0x00000000080038b6                void ros::Msg::arrToVar<unsigned long, unsigned char*>(unsigned long&, unsigned char*)
 *fill*         0x0000000008003902        0x2 
 .text._ZN3ros15NodeHandleBase_C2Ev
                0x0000000008003904       0x20 ./Core/Src/ros_port.o
                0x0000000008003904                ros::NodeHandleBase_::NodeHandleBase_()
                0x0000000008003904                ros::NodeHandleBase_::NodeHandleBase_()
 .text._ZN3ros11NodeHandle_I13STM32HardwareLi25ELi25ELi512ELi512EEC2Ev
                0x0000000008003924      0x134 ./Core/Src/ros_port.o
                0x0000000008003924                ros::NodeHandle_<STM32Hardware, 25, 25, 512, 512>::NodeHandle_()
                0x0000000008003924                ros::NodeHandle_<STM32Hardware, 25, 25, 512, 512>::NodeHandle_()
 .text._ZN3ros11Subscriber_C2Ev
                0x0000000008003a58       0x20 ./Core/Src/ros_port.o
                0x0000000008003a58                ros::Subscriber_::Subscriber_()
                0x0000000008003a58                ros::Subscriber_::Subscriber_()
 .text._ZN3ros10SubscriberIN13geometry_msgs5PointEvEC2EPKcPFvRKS2_Ei
                0x0000000008003a78       0x48 ./Core/Src/ros_port.o
                0x0000000008003a78                ros::Subscriber<geometry_msgs::Point, void>::Subscriber(char const*, void (*)(geometry_msgs::Point const&), int)
                0x0000000008003a78                ros::Subscriber<geometry_msgs::Point, void>::Subscriber(char const*, void (*)(geometry_msgs::Point const&), int)
 .text._ZN3ros10SubscriberIN8std_msgs4Int8EvEC2EPKcPFvRKS2_Ei
                0x0000000008003ac0       0x48 ./Core/Src/ros_port.o
                0x0000000008003ac0                ros::Subscriber<std_msgs::Int8, void>::Subscriber(char const*, void (*)(std_msgs::Int8 const&), int)
                0x0000000008003ac0                ros::Subscriber<std_msgs::Int8, void>::Subscriber(char const*, void (*)(std_msgs::Int8 const&), int)
 .text._ZN3ros11NodeHandle_I13STM32HardwareLi25ELi25ELi512ELi512EE8initNodeEv
                0x0000000008003b08       0x52 ./Core/Src/ros_port.o
                0x0000000008003b08                ros::NodeHandle_<STM32Hardware, 25, 25, 512, 512>::initNode()
 .text._ZN3ros11NodeHandle_I13STM32HardwareLi25ELi25ELi512ELi512EE9subscribeINS_10SubscriberIN13geometry_msgs5PointEvEEEEbRT_
                0x0000000008003b5a       0x56 ./Core/Src/ros_port.o
                0x0000000008003b5a                bool ros::NodeHandle_<STM32Hardware, 25, 25, 512, 512>::subscribe<ros::Subscriber<geometry_msgs::Point, void> >(ros::Subscriber<geometry_msgs::Point, void>&)
 .text._ZN3ros11NodeHandle_I13STM32HardwareLi25ELi25ELi512ELi512EE9subscribeINS_10SubscriberIN8std_msgs4Int8EvEEEEbRT_
                0x0000000008003bb0       0x56 ./Core/Src/ros_port.o
                0x0000000008003bb0                bool ros::NodeHandle_<STM32Hardware, 25, 25, 512, 512>::subscribe<ros::Subscriber<std_msgs::Int8, void> >(ros::Subscriber<std_msgs::Int8, void>&)
 .text._ZN3ros11NodeHandle_I13STM32HardwareLi25ELi25ELi512ELi512EE9advertiseERNS_9PublisherE
                0x0000000008003c06       0x60 ./Core/Src/ros_port.o
                0x0000000008003c06                ros::NodeHandle_<STM32Hardware, 25, 25, 512, 512>::advertise(ros::Publisher&)
 .text._ZN3ros11NodeHandle_I13STM32HardwareLi25ELi25ELi512ELi512EE8spinOnceEv
                0x0000000008003c66      0x4f0 ./Core/Src/ros_port.o
                0x0000000008003c66                ros::NodeHandle_<STM32Hardware, 25, 25, 512, 512>::spinOnce()
 .text._ZN3ros11NodeHandle_I13STM32HardwareLi25ELi25ELi512ELi512EE11getHardwareEv
                0x0000000008004156       0x18 ./Core/Src/ros_port.o
                0x0000000008004156                ros::NodeHandle_<STM32Hardware, 25, 25, 512, 512>::getHardware()
 .text._ZN3ros11NodeHandle_I13STM32HardwareLi25ELi25ELi512ELi512EE15requestSyncTimeEv
                0x000000000800416e       0x3e ./Core/Src/ros_port.o
                0x000000000800416e                ros::NodeHandle_<STM32Hardware, 25, 25, 512, 512>::requestSyncTime()
 .text._ZN3ros11NodeHandle_I13STM32HardwareLi25ELi25ELi512ELi512EE15negotiateTopicsEv
                0x00000000080041ac      0x1c2 ./Core/Src/ros_port.o
                0x00000000080041ac                ros::NodeHandle_<STM32Hardware, 25, 25, 512, 512>::negotiateTopics()
 *fill*         0x000000000800436e        0x2 
 .text._ZN3ros11NodeHandle_I13STM32HardwareLi25ELi25ELi512ELi512EE8syncTimeEPh
                0x0000000008004370       0x9c ./Core/Src/ros_port.o
                0x0000000008004370                ros::NodeHandle_<STM32Hardware, 25, 25, 512, 512>::syncTime(unsigned char*)
 .text._ZN3ros11NodeHandle_I13STM32HardwareLi25ELi25ELi512ELi512EE7publishEiPKNS_3MsgE
                0x000000000800440c      0x158 ./Core/Src/ros_port.o
                0x000000000800440c                ros::NodeHandle_<STM32Hardware, 25, 25, 512, 512>::publish(int, ros::Msg const*)
 .text._ZN3ros11NodeHandle_I13STM32HardwareLi25ELi25ELi512ELi512EE6setNowERNS_4TimeE
                0x0000000008004564       0x88 ./Core/Src/ros_port.o
                0x0000000008004564                ros::NodeHandle_<STM32Hardware, 25, 25, 512, 512>::setNow(ros::Time&)
 .text._ZN3ros11NodeHandle_I13STM32HardwareLi25ELi25ELi512ELi512EE8logerrorEPKc
                0x00000000080045ec       0x1c ./Core/Src/ros_port.o
                0x00000000080045ec                ros::NodeHandle_<STM32Hardware, 25, 25, 512, 512>::logerror(char const*)
 .text._ZN3ros11NodeHandle_I13STM32HardwareLi25ELi25ELi512ELi512EE3logEcPKc
                0x0000000008004608       0x38 ./Core/Src/ros_port.o
                0x0000000008004608                ros::NodeHandle_<STM32Hardware, 25, 25, 512, 512>::log(char, char const*)
 .text._Z41__static_initialization_and_destruction_0ii
                0x0000000008004640       0x94 ./Core/Src/ros_port.o
 .text._ZN3ros10SubscriberIN8std_msgs4Int8EvE8callbackEPh
                0x00000000080046d4       0x2a ./Core/Src/ros_port.o
                0x00000000080046d4                ros::Subscriber<std_msgs::Int8, void>::callback(unsigned char*)
 .text._ZN3ros10SubscriberIN8std_msgs4Int8EvE15getEndpointTypeEv
                0x00000000080046fe       0x18 ./Core/Src/ros_port.o
                0x00000000080046fe                ros::Subscriber<std_msgs::Int8, void>::getEndpointType()
 .text._ZN3ros10SubscriberIN8std_msgs4Int8EvE10getMsgTypeEv
                0x0000000008004716       0x1c ./Core/Src/ros_port.o
                0x0000000008004716                ros::Subscriber<std_msgs::Int8, void>::getMsgType()
 .text._ZN3ros10SubscriberIN8std_msgs4Int8EvE9getMsgMD5Ev
                0x0000000008004732       0x1c ./Core/Src/ros_port.o
                0x0000000008004732                ros::Subscriber<std_msgs::Int8, void>::getMsgMD5()
 .text._ZN3ros10SubscriberIN13geometry_msgs5PointEvE8callbackEPh
                0x000000000800474e       0x2a ./Core/Src/ros_port.o
                0x000000000800474e                ros::Subscriber<geometry_msgs::Point, void>::callback(unsigned char*)
 .text._ZN3ros10SubscriberIN13geometry_msgs5PointEvE15getEndpointTypeEv
                0x0000000008004778       0x18 ./Core/Src/ros_port.o
                0x0000000008004778                ros::Subscriber<geometry_msgs::Point, void>::getEndpointType()
 .text._ZN3ros10SubscriberIN13geometry_msgs5PointEvE10getMsgTypeEv
                0x0000000008004790       0x1c ./Core/Src/ros_port.o
                0x0000000008004790                ros::Subscriber<geometry_msgs::Point, void>::getMsgType()
 .text._ZN3ros10SubscriberIN13geometry_msgs5PointEvE9getMsgMD5Ev
                0x00000000080047ac       0x1c ./Core/Src/ros_port.o
                0x00000000080047ac                ros::Subscriber<geometry_msgs::Point, void>::getMsgMD5()
 .text._ZN3ros11NodeHandle_I13STM32HardwareLi25ELi25ELi512ELi512EE9connectedEv
                0x00000000080047c8       0x1e ./Core/Src/ros_port.o
                0x00000000080047c8                ros::NodeHandle_<STM32Hardware, 25, 25, 512, 512>::connected()
 .text._GLOBAL__sub_I_flag
                0x00000000080047e6       0x10 ./Core/Src/ros_port.o
 *fill*         0x00000000080047f6        0x2 
 .text._Z7shooterv
                0x00000000080047f8      0x3d0 ./Core/Src/shooter.o
                0x00000000080047f8                shooter()
 .text._Z12shooter_basev
                0x0000000008004bc8      0x560 ./Core/Src/shooter_base.o
                0x0000000008004bc8                shooter_base()
 .text._Z5Resetv
                0x0000000008005128      0x194 ./Core/Src/shooter_base.o
                0x0000000008005128                Reset()
 .text._Z10base_limitv
                0x00000000080052bc       0xb0 ./Core/Src/shooter_base.o
                0x00000000080052bc                base_limit()
 .text.HAL_MspInit
                0x000000000800536c       0x50 ./Core/Src/stm32f4xx_hal_msp.o
                0x000000000800536c                HAL_MspInit
 .text.HAL_TIM_Encoder_MspInit
                0x00000000080053bc      0x16c ./Core/Src/stm32f4xx_hal_msp.o
                0x00000000080053bc                HAL_TIM_Encoder_MspInit
 .text.HAL_TIM_PWM_MspInit
                0x0000000008005528       0xb8 ./Core/Src/stm32f4xx_hal_msp.o
                0x0000000008005528                HAL_TIM_PWM_MspInit
 .text.HAL_TIM_Base_MspInit
                0x00000000080055e0       0x50 ./Core/Src/stm32f4xx_hal_msp.o
                0x00000000080055e0                HAL_TIM_Base_MspInit
 .text.HAL_TIM_MspPostInit
                0x0000000008005630      0x110 ./Core/Src/stm32f4xx_hal_msp.o
                0x0000000008005630                HAL_TIM_MspPostInit
 .text.HAL_UART_MspInit
                0x0000000008005740      0x170 ./Core/Src/stm32f4xx_hal_msp.o
                0x0000000008005740                HAL_UART_MspInit
 .text.HAL_UART_MspDeInit
                0x00000000080058b0       0x54 ./Core/Src/stm32f4xx_hal_msp.o
                0x00000000080058b0                HAL_UART_MspDeInit
 .text.NMI_Handler
                0x0000000008005904        0x6 ./Core/Src/stm32f4xx_it.o
                0x0000000008005904                NMI_Handler
 .text.HardFault_Handler
                0x000000000800590a        0x6 ./Core/Src/stm32f4xx_it.o
                0x000000000800590a                HardFault_Handler
 .text.MemManage_Handler
                0x0000000008005910        0x6 ./Core/Src/stm32f4xx_it.o
                0x0000000008005910                MemManage_Handler
 .text.BusFault_Handler
                0x0000000008005916        0x6 ./Core/Src/stm32f4xx_it.o
                0x0000000008005916                BusFault_Handler
 .text.UsageFault_Handler
                0x000000000800591c        0x6 ./Core/Src/stm32f4xx_it.o
                0x000000000800591c                UsageFault_Handler
 .text.SVC_Handler
                0x0000000008005922        0xe ./Core/Src/stm32f4xx_it.o
                0x0000000008005922                SVC_Handler
 .text.DebugMon_Handler
                0x0000000008005930        0xe ./Core/Src/stm32f4xx_it.o
                0x0000000008005930                DebugMon_Handler
 .text.PendSV_Handler
                0x000000000800593e        0xe ./Core/Src/stm32f4xx_it.o
                0x000000000800593e                PendSV_Handler
 .text.SysTick_Handler
                0x000000000800594c        0xc ./Core/Src/stm32f4xx_it.o
                0x000000000800594c                SysTick_Handler
 .text.DMA1_Stream5_IRQHandler
                0x0000000008005958       0x14 ./Core/Src/stm32f4xx_it.o
                0x0000000008005958                DMA1_Stream5_IRQHandler
 .text.DMA1_Stream6_IRQHandler
                0x000000000800596c       0x14 ./Core/Src/stm32f4xx_it.o
                0x000000000800596c                DMA1_Stream6_IRQHandler
 .text.TIM1_BRK_TIM9_IRQHandler
                0x0000000008005980       0x14 ./Core/Src/stm32f4xx_it.o
                0x0000000008005980                TIM1_BRK_TIM9_IRQHandler
 .text.USART2_IRQHandler
                0x0000000008005994       0x14 ./Core/Src/stm32f4xx_it.o
                0x0000000008005994                USART2_IRQHandler
 .text.TIM8_BRK_TIM12_IRQHandler
                0x00000000080059a8       0x1c ./Core/Src/stm32f4xx_it.o
                0x00000000080059a8                TIM8_BRK_TIM12_IRQHandler
 .text.TIM5_IRQHandler
                0x00000000080059c4       0x14 ./Core/Src/stm32f4xx_it.o
                0x00000000080059c4                TIM5_IRQHandler
 .text._sbrk    0x00000000080059d8       0x6c ./Core/Src/sysmem.o
                0x00000000080059d8                _sbrk
 .text.SystemInit
                0x0000000008005a44       0x24 ./Core/Src/system_stm32f4xx.o
                0x0000000008005a44                SystemInit
 .text.Reset_Handler
                0x0000000008005a68       0x50 ./Core/Startup/startup_stm32f446retx.o
                0x0000000008005a68                Reset_Handler
 .text.Default_Handler
                0x0000000008005ab8        0x2 ./Core/Startup/startup_stm32f446retx.o
                0x0000000008005ab8                RTC_Alarm_IRQHandler
                0x0000000008005ab8                EXTI2_IRQHandler
                0x0000000008005ab8                TIM8_CC_IRQHandler
                0x0000000008005ab8                FMPI2C1_EV_IRQHandler
                0x0000000008005ab8                SPI4_IRQHandler
                0x0000000008005ab8                TIM1_CC_IRQHandler
                0x0000000008005ab8                DMA2_Stream5_IRQHandler
                0x0000000008005ab8                PVD_IRQHandler
                0x0000000008005ab8                SDIO_IRQHandler
                0x0000000008005ab8                TAMP_STAMP_IRQHandler
                0x0000000008005ab8                CAN2_RX1_IRQHandler
                0x0000000008005ab8                EXTI3_IRQHandler
                0x0000000008005ab8                TIM8_TRG_COM_TIM14_IRQHandler
                0x0000000008005ab8                TIM1_UP_TIM10_IRQHandler
                0x0000000008005ab8                TIM8_UP_TIM13_IRQHandler
                0x0000000008005ab8                I2C3_ER_IRQHandler
                0x0000000008005ab8                EXTI0_IRQHandler
                0x0000000008005ab8                I2C2_EV_IRQHandler
                0x0000000008005ab8                DMA1_Stream2_IRQHandler
                0x0000000008005ab8                CAN1_RX0_IRQHandler
                0x0000000008005ab8                FPU_IRQHandler
                0x0000000008005ab8                OTG_HS_WKUP_IRQHandler
                0x0000000008005ab8                CAN2_SCE_IRQHandler
                0x0000000008005ab8                DMA2_Stream2_IRQHandler
                0x0000000008005ab8                SPI1_IRQHandler
                0x0000000008005ab8                TIM6_DAC_IRQHandler
                0x0000000008005ab8                DCMI_IRQHandler
                0x0000000008005ab8                CAN2_RX0_IRQHandler
                0x0000000008005ab8                DMA2_Stream3_IRQHandler
                0x0000000008005ab8                SAI2_IRQHandler
                0x0000000008005ab8                USART6_IRQHandler
                0x0000000008005ab8                USART3_IRQHandler
                0x0000000008005ab8                CAN1_RX1_IRQHandler
                0x0000000008005ab8                UART5_IRQHandler
                0x0000000008005ab8                DMA2_Stream0_IRQHandler
                0x0000000008005ab8                TIM4_IRQHandler
                0x0000000008005ab8                QUADSPI_IRQHandler
                0x0000000008005ab8                I2C1_EV_IRQHandler
                0x0000000008005ab8                DMA1_Stream1_IRQHandler
                0x0000000008005ab8                UART4_IRQHandler
                0x0000000008005ab8                TIM3_IRQHandler
                0x0000000008005ab8                RCC_IRQHandler
                0x0000000008005ab8                Default_Handler
                0x0000000008005ab8                CEC_IRQHandler
                0x0000000008005ab8                EXTI15_10_IRQHandler
                0x0000000008005ab8                ADC_IRQHandler
                0x0000000008005ab8                DMA1_Stream7_IRQHandler
                0x0000000008005ab8                TIM7_IRQHandler
                0x0000000008005ab8                CAN2_TX_IRQHandler
                0x0000000008005ab8                DMA2_Stream7_IRQHandler
                0x0000000008005ab8                I2C3_EV_IRQHandler
                0x0000000008005ab8                EXTI9_5_IRQHandler
                0x0000000008005ab8                RTC_WKUP_IRQHandler
                0x0000000008005ab8                SPDIF_RX_IRQHandler
                0x0000000008005ab8                SPI2_IRQHandler
                0x0000000008005ab8                OTG_HS_EP1_IN_IRQHandler
                0x0000000008005ab8                DMA1_Stream0_IRQHandler
                0x0000000008005ab8                CAN1_TX_IRQHandler
                0x0000000008005ab8                FMPI2C1_ER_IRQHandler
                0x0000000008005ab8                EXTI4_IRQHandler
                0x0000000008005ab8                OTG_HS_EP1_OUT_IRQHandler
                0x0000000008005ab8                WWDG_IRQHandler
                0x0000000008005ab8                TIM2_IRQHandler
                0x0000000008005ab8                OTG_FS_WKUP_IRQHandler
                0x0000000008005ab8                TIM1_TRG_COM_TIM11_IRQHandler
                0x0000000008005ab8                OTG_HS_IRQHandler
                0x0000000008005ab8                EXTI1_IRQHandler
                0x0000000008005ab8                I2C2_ER_IRQHandler
                0x0000000008005ab8                DMA2_Stream1_IRQHandler
                0x0000000008005ab8                CAN1_SCE_IRQHandler
                0x0000000008005ab8                FLASH_IRQHandler
                0x0000000008005ab8                DMA2_Stream4_IRQHandler
                0x0000000008005ab8                USART1_IRQHandler
                0x0000000008005ab8                OTG_FS_IRQHandler
                0x0000000008005ab8                SPI3_IRQHandler
                0x0000000008005ab8                DMA1_Stream4_IRQHandler
                0x0000000008005ab8                I2C1_ER_IRQHandler
                0x0000000008005ab8                FMC_IRQHandler
                0x0000000008005ab8                DMA2_Stream6_IRQHandler
                0x0000000008005ab8                SAI1_IRQHandler
                0x0000000008005ab8                DMA1_Stream3_IRQHandler
 *fill*         0x0000000008005aba        0x2 
 .text.HAL_Init
                0x0000000008005abc       0x44 ./Drivers/STM32F4xx_HAL_Driver/Src/stm32f4xx_hal.o
                0x0000000008005abc                HAL_Init
 .text.HAL_InitTick
                0x0000000008005b00       0x60 ./Drivers/STM32F4xx_HAL_Driver/Src/stm32f4xx_hal.o
                0x0000000008005b00                HAL_InitTick
 .text.HAL_IncTick
                0x0000000008005b60       0x28 ./Drivers/STM32F4xx_HAL_Driver/Src/stm32f4xx_hal.o
                0x0000000008005b60                HAL_IncTick
 .text.HAL_GetTick
                0x0000000008005b88       0x18 ./Drivers/STM32F4xx_HAL_Driver/Src/stm32f4xx_hal.o
                0x0000000008005b88                HAL_GetTick
 .text.__NVIC_SetPriorityGrouping
                0x0000000008005ba0       0x48 ./Drivers/STM32F4xx_HAL_Driver/Src/stm32f4xx_hal_cortex.o
 .text.__NVIC_GetPriorityGrouping
                0x0000000008005be8       0x1c ./Drivers/STM32F4xx_HAL_Driver/Src/stm32f4xx_hal_cortex.o
 .text.__NVIC_EnableIRQ
                0x0000000008005c04       0x3c ./Drivers/STM32F4xx_HAL_Driver/Src/stm32f4xx_hal_cortex.o
 .text.__NVIC_DisableIRQ
                0x0000000008005c40       0x48 ./Drivers/STM32F4xx_HAL_Driver/Src/stm32f4xx_hal_cortex.o
 .text.__NVIC_SetPriority
                0x0000000008005c88       0x54 ./Drivers/STM32F4xx_HAL_Driver/Src/stm32f4xx_hal_cortex.o
 .text.NVIC_EncodePriority
                0x0000000008005cdc       0x66 ./Drivers/STM32F4xx_HAL_Driver/Src/stm32f4xx_hal_cortex.o
 *fill*         0x0000000008005d42        0x2 
 .text.SysTick_Config
                0x0000000008005d44       0x44 ./Drivers/STM32F4xx_HAL_Driver/Src/stm32f4xx_hal_cortex.o
 .text.HAL_NVIC_SetPriorityGrouping
                0x0000000008005d88       0x16 ./Drivers/STM32F4xx_HAL_Driver/Src/stm32f4xx_hal_cortex.o
                0x0000000008005d88                HAL_NVIC_SetPriorityGrouping
 .text.HAL_NVIC_SetPriority
                0x0000000008005d9e       0x38 ./Drivers/STM32F4xx_HAL_Driver/Src/stm32f4xx_hal_cortex.o
                0x0000000008005d9e                HAL_NVIC_SetPriority
 .text.HAL_NVIC_EnableIRQ
                0x0000000008005dd6       0x1c ./Drivers/STM32F4xx_HAL_Driver/Src/stm32f4xx_hal_cortex.o
                0x0000000008005dd6                HAL_NVIC_EnableIRQ
 .text.HAL_NVIC_DisableIRQ
                0x0000000008005df2       0x1c ./Drivers/STM32F4xx_HAL_Driver/Src/stm32f4xx_hal_cortex.o
                0x0000000008005df2                HAL_NVIC_DisableIRQ
 .text.HAL_SYSTICK_Config
                0x0000000008005e0e       0x18 ./Drivers/STM32F4xx_HAL_Driver/Src/stm32f4xx_hal_cortex.o
                0x0000000008005e0e                HAL_SYSTICK_Config
 *fill*         0x0000000008005e26        0x2 
 .text.HAL_DMA_Init
                0x0000000008005e28      0x15c ./Drivers/STM32F4xx_HAL_Driver/Src/stm32f4xx_hal_dma.o
                0x0000000008005e28                HAL_DMA_Init
 .text.HAL_DMA_DeInit
                0x0000000008005f84       0xbc ./Drivers/STM32F4xx_HAL_Driver/Src/stm32f4xx_hal_dma.o
                0x0000000008005f84                HAL_DMA_DeInit
 .text.HAL_DMA_Start_IT
                0x0000000008006040       0xb0 ./Drivers/STM32F4xx_HAL_Driver/Src/stm32f4xx_hal_dma.o
                0x0000000008006040                HAL_DMA_Start_IT
 .text.HAL_DMA_Abort
                0x00000000080060f0       0xe0 ./Drivers/STM32F4xx_HAL_Driver/Src/stm32f4xx_hal_dma.o
                0x00000000080060f0                HAL_DMA_Abort
 .text.HAL_DMA_Abort_IT
                0x00000000080061d0       0x44 ./Drivers/STM32F4xx_HAL_Driver/Src/stm32f4xx_hal_dma.o
                0x00000000080061d0                HAL_DMA_Abort_IT
 .text.HAL_DMA_IRQHandler
                0x0000000008006214      0x314 ./Drivers/STM32F4xx_HAL_Driver/Src/stm32f4xx_hal_dma.o
                0x0000000008006214                HAL_DMA_IRQHandler
 .text.DMA_SetConfig
                0x0000000008006528       0x5c ./Drivers/STM32F4xx_HAL_Driver/Src/stm32f4xx_hal_dma.o
 .text.DMA_CalcBaseAndBitshift
                0x0000000008006584       0x6c ./Drivers/STM32F4xx_HAL_Driver/Src/stm32f4xx_hal_dma.o
 .text.DMA_CheckFifoParam
                0x00000000080065f0       0xf8 ./Drivers/STM32F4xx_HAL_Driver/Src/stm32f4xx_hal_dma.o
 .text.HAL_GPIO_Init
                0x00000000080066e8      0x328 ./Drivers/STM32F4xx_HAL_Driver/Src/stm32f4xx_hal_gpio.o
                0x00000000080066e8                HAL_GPIO_Init
 .text.HAL_GPIO_DeInit
                0x0000000008006a10      0x1e8 ./Drivers/STM32F4xx_HAL_Driver/Src/stm32f4xx_hal_gpio.o
                0x0000000008006a10                HAL_GPIO_DeInit
 .text.HAL_GPIO_ReadPin
                0x0000000008006bf8       0x30 ./Drivers/STM32F4xx_HAL_Driver/Src/stm32f4xx_hal_gpio.o
                0x0000000008006bf8                HAL_GPIO_ReadPin
 .text.HAL_GPIO_WritePin
                0x0000000008006c28       0x32 ./Drivers/STM32F4xx_HAL_Driver/Src/stm32f4xx_hal_gpio.o
                0x0000000008006c28                HAL_GPIO_WritePin
 *fill*         0x0000000008006c5a        0x2 
 .text.HAL_RCC_ClockConfig
                0x0000000008006c5c      0x1cc ./Drivers/STM32F4xx_HAL_Driver/Src/stm32f4xx_hal_rcc.o
                0x0000000008006c5c                HAL_RCC_ClockConfig
 .text.HAL_RCC_GetHCLKFreq
                0x0000000008006e28       0x18 ./Drivers/STM32F4xx_HAL_Driver/Src/stm32f4xx_hal_rcc.o
                0x0000000008006e28                HAL_RCC_GetHCLKFreq
 .text.HAL_RCC_GetPCLK1Freq
                0x0000000008006e40       0x28 ./Drivers/STM32F4xx_HAL_Driver/Src/stm32f4xx_hal_rcc.o
                0x0000000008006e40                HAL_RCC_GetPCLK1Freq
 .text.HAL_RCC_GetPCLK2Freq
                0x0000000008006e68       0x28 ./Drivers/STM32F4xx_HAL_Driver/Src/stm32f4xx_hal_rcc.o
                0x0000000008006e68                HAL_RCC_GetPCLK2Freq
 .text.HAL_RCC_GetSysClockFreq
                0x0000000008006e90      0x460 ./Drivers/STM32F4xx_HAL_Driver/Src/stm32f4xx_hal_rcc_ex.o
                0x0000000008006e90                HAL_RCC_GetSysClockFreq
 .text.HAL_RCC_OscConfig
                0x00000000080072f0      0x53c ./Drivers/STM32F4xx_HAL_Driver/Src/stm32f4xx_hal_rcc_ex.o
                0x00000000080072f0                HAL_RCC_OscConfig
 .text.HAL_TIM_Base_Init
                0x000000000800782c       0x9e ./Drivers/STM32F4xx_HAL_Driver/Src/stm32f4xx_hal_tim.o
                0x000000000800782c                HAL_TIM_Base_Init
 *fill*         0x00000000080078ca        0x2 
 .text.HAL_TIM_Base_Start_IT
                0x00000000080078cc       0xe0 ./Drivers/STM32F4xx_HAL_Driver/Src/stm32f4xx_hal_tim.o
                0x00000000080078cc                HAL_TIM_Base_Start_IT
 .text.HAL_TIM_PWM_Init
                0x00000000080079ac       0x9e ./Drivers/STM32F4xx_HAL_Driver/Src/stm32f4xx_hal_tim.o
                0x00000000080079ac                HAL_TIM_PWM_Init
 *fill*         0x0000000008007a4a        0x2 
 .text.HAL_TIM_PWM_Start
                0x0000000008007a4c      0x190 ./Drivers/STM32F4xx_HAL_Driver/Src/stm32f4xx_hal_tim.o
                0x0000000008007a4c                HAL_TIM_PWM_Start
 .text.HAL_TIM_Encoder_Init
                0x0000000008007bdc      0x14c ./Drivers/STM32F4xx_HAL_Driver/Src/stm32f4xx_hal_tim.o
                0x0000000008007bdc                HAL_TIM_Encoder_Init
 .text.HAL_TIM_Encoder_Start
                0x0000000008007d28      0x11c ./Drivers/STM32F4xx_HAL_Driver/Src/stm32f4xx_hal_tim.o
                0x0000000008007d28                HAL_TIM_Encoder_Start
 .text.HAL_TIM_IRQHandler
                0x0000000008007e44      0x210 ./Drivers/STM32F4xx_HAL_Driver/Src/stm32f4xx_hal_tim.o
                0x0000000008007e44                HAL_TIM_IRQHandler
 .text.HAL_TIM_PWM_ConfigChannel
                0x0000000008008054      0x184 ./Drivers/STM32F4xx_HAL_Driver/Src/stm32f4xx_hal_tim.o
                0x0000000008008054                HAL_TIM_PWM_ConfigChannel
 .text.HAL_TIM_ConfigClockSource
                0x00000000080081d8      0x18e ./Drivers/STM32F4xx_HAL_Driver/Src/stm32f4xx_hal_tim.o
                0x00000000080081d8                HAL_TIM_ConfigClockSource
 .text.HAL_TIM_OC_DelayElapsedCallback
                0x0000000008008366       0x14 ./Drivers/STM32F4xx_HAL_Driver/Src/stm32f4xx_hal_tim.o
                0x0000000008008366                HAL_TIM_OC_DelayElapsedCallback
 .text.HAL_TIM_IC_CaptureCallback
                0x000000000800837a       0x14 ./Drivers/STM32F4xx_HAL_Driver/Src/stm32f4xx_hal_tim.o
                0x000000000800837a                HAL_TIM_IC_CaptureCallback
 .text.HAL_TIM_PWM_PulseFinishedCallback
                0x000000000800838e       0x14 ./Drivers/STM32F4xx_HAL_Driver/Src/stm32f4xx_hal_tim.o
                0x000000000800838e                HAL_TIM_PWM_PulseFinishedCallback
 .text.HAL_TIM_TriggerCallback
                0x00000000080083a2       0x14 ./Drivers/STM32F4xx_HAL_Driver/Src/stm32f4xx_hal_tim.o
                0x00000000080083a2                HAL_TIM_TriggerCallback
 *fill*         0x00000000080083b6        0x2 
 .text.TIM_Base_SetConfig
                0x00000000080083b8      0x140 ./Drivers/STM32F4xx_HAL_Driver/Src/stm32f4xx_hal_tim.o
                0x00000000080083b8                TIM_Base_SetConfig
 .text.TIM_OC1_SetConfig
                0x00000000080084f8       0xe0 ./Drivers/STM32F4xx_HAL_Driver/Src/stm32f4xx_hal_tim.o
 .text.TIM_OC2_SetConfig
                0x00000000080085d8       0xec ./Drivers/STM32F4xx_HAL_Driver/Src/stm32f4xx_hal_tim.o
                0x00000000080085d8                TIM_OC2_SetConfig
 .text.TIM_OC3_SetConfig
                0x00000000080086c4       0xe8 ./Drivers/STM32F4xx_HAL_Driver/Src/stm32f4xx_hal_tim.o
 .text.TIM_OC4_SetConfig
                0x00000000080087ac       0xac ./Drivers/STM32F4xx_HAL_Driver/Src/stm32f4xx_hal_tim.o
 .text.TIM_TI1_ConfigInputStage
                0x0000000008008858       0x5e ./Drivers/STM32F4xx_HAL_Driver/Src/stm32f4xx_hal_tim.o
 .text.TIM_TI2_ConfigInputStage
                0x00000000080088b6       0x60 ./Drivers/STM32F4xx_HAL_Driver/Src/stm32f4xx_hal_tim.o
 .text.TIM_ITRx_SetConfig
                0x0000000008008916       0x36 ./Drivers/STM32F4xx_HAL_Driver/Src/stm32f4xx_hal_tim.o
 .text.TIM_ETR_SetConfig
                0x000000000800894c       0x40 ./Drivers/STM32F4xx_HAL_Driver/Src/stm32f4xx_hal_tim.o
                0x000000000800894c                TIM_ETR_SetConfig
 .text.TIM_CCxChannelCmd
                0x000000000800898c       0x4a ./Drivers/STM32F4xx_HAL_Driver/Src/stm32f4xx_hal_tim.o
                0x000000000800898c                TIM_CCxChannelCmd
 *fill*         0x00000000080089d6        0x2 
 .text.HAL_TIMEx_MasterConfigSynchronization
                0x00000000080089d8       0xf8 ./Drivers/STM32F4xx_HAL_Driver/Src/stm32f4xx_hal_tim_ex.o
                0x00000000080089d8                HAL_TIMEx_MasterConfigSynchronization
 .text.HAL_TIMEx_ConfigBreakDeadTime
                0x0000000008008ad0       0xa4 ./Drivers/STM32F4xx_HAL_Driver/Src/stm32f4xx_hal_tim_ex.o
                0x0000000008008ad0                HAL_TIMEx_ConfigBreakDeadTime
 .text.HAL_TIMEx_CommutCallback
                0x0000000008008b74       0x14 ./Drivers/STM32F4xx_HAL_Driver/Src/stm32f4xx_hal_tim_ex.o
                0x0000000008008b74                HAL_TIMEx_CommutCallback
 .text.HAL_TIMEx_BreakCallback
                0x0000000008008b88       0x14 ./Drivers/STM32F4xx_HAL_Driver/Src/stm32f4xx_hal_tim_ex.o
                0x0000000008008b88                HAL_TIMEx_BreakCallback
 .text.HAL_UART_Init
                0x0000000008008b9c       0x9a ./Drivers/STM32F4xx_HAL_Driver/Src/stm32f4xx_hal_uart.o
                0x0000000008008b9c                HAL_UART_Init
 .text.HAL_UART_DeInit
                0x0000000008008c36       0x5e ./Drivers/STM32F4xx_HAL_Driver/Src/stm32f4xx_hal_uart.o
                0x0000000008008c36                HAL_UART_DeInit
 .text.HAL_UART_Transmit_DMA
                0x0000000008008c94       0xfc ./Drivers/STM32F4xx_HAL_Driver/Src/stm32f4xx_hal_uart.o
                0x0000000008008c94                HAL_UART_Transmit_DMA
 .text.HAL_UART_Receive_DMA
                0x0000000008008d90       0x60 ./Drivers/STM32F4xx_HAL_Driver/Src/stm32f4xx_hal_uart.o
                0x0000000008008d90                HAL_UART_Receive_DMA
 .text.HAL_UART_IRQHandler
                0x0000000008008df0      0x51c ./Drivers/STM32F4xx_HAL_Driver/Src/stm32f4xx_hal_uart.o
                0x0000000008008df0                HAL_UART_IRQHandler
 .text.HAL_UART_TxHalfCpltCallback
                0x000000000800930c       0x14 ./Drivers/STM32F4xx_HAL_Driver/Src/stm32f4xx_hal_uart.o
                0x000000000800930c                HAL_UART_TxHalfCpltCallback
 .text.HAL_UART_RxCpltCallback
                0x0000000008009320       0x14 ./Drivers/STM32F4xx_HAL_Driver/Src/stm32f4xx_hal_uart.o
                0x0000000008009320                HAL_UART_RxCpltCallback
 .text.HAL_UART_RxHalfCpltCallback
                0x0000000008009334       0x14 ./Drivers/STM32F4xx_HAL_Driver/Src/stm32f4xx_hal_uart.o
                0x0000000008009334                HAL_UART_RxHalfCpltCallback
 .text.HAL_UARTEx_RxEventCallback
                0x0000000008009348       0x18 ./Drivers/STM32F4xx_HAL_Driver/Src/stm32f4xx_hal_uart.o
                0x0000000008009348                HAL_UARTEx_RxEventCallback
 .text.UART_DMATransmitCplt
                0x0000000008009360       0x9a ./Drivers/STM32F4xx_HAL_Driver/Src/stm32f4xx_hal_uart.o
 .text.UART_DMATxHalfCplt
                0x00000000080093fa       0x1c ./Drivers/STM32F4xx_HAL_Driver/Src/stm32f4xx_hal_uart.o
 .text.UART_DMAReceiveCplt
                0x0000000008009416      0x126 ./Drivers/STM32F4xx_HAL_Driver/Src/stm32f4xx_hal_uart.o
 .text.UART_DMARxHalfCplt
                0x000000000800953c       0x36 ./Drivers/STM32F4xx_HAL_Driver/Src/stm32f4xx_hal_uart.o
 .text.UART_DMAError
                0x0000000008009572       0x94 ./Drivers/STM32F4xx_HAL_Driver/Src/stm32f4xx_hal_uart.o
 *fill*         0x0000000008009606        0x2 
 .text.UART_Start_Receive_DMA
                0x0000000008009608      0x13c ./Drivers/STM32F4xx_HAL_Driver/Src/stm32f4xx_hal_uart.o
                0x0000000008009608                UART_Start_Receive_DMA
 .text.UART_EndTxTransfer
                0x0000000008009744       0x50 ./Drivers/STM32F4xx_HAL_Driver/Src/stm32f4xx_hal_uart.o
 .text.UART_EndRxTransfer
                0x0000000008009794       0xc6 ./Drivers/STM32F4xx_HAL_Driver/Src/stm32f4xx_hal_uart.o
 .text.UART_DMAAbortOnError
                0x000000000800985a       0x28 ./Drivers/STM32F4xx_HAL_Driver/Src/stm32f4xx_hal_uart.o
 .text.UART_Transmit_IT
                0x0000000008009882       0xa0 ./Drivers/STM32F4xx_HAL_Driver/Src/stm32f4xx_hal_uart.o
 .text.UART_EndTransmit_IT
                0x0000000008009922       0x30 ./Drivers/STM32F4xx_HAL_Driver/Src/stm32f4xx_hal_uart.o
 .text.UART_Receive_IT
                0x0000000008009952      0x176 ./Drivers/STM32F4xx_HAL_Driver/Src/stm32f4xx_hal_uart.o
 .text.UART_SetConfig
                0x0000000008009ac8      0x4e8 ./Drivers/STM32F4xx_HAL_Driver/Src/stm32f4xx_hal_uart.o
 .text.realloc  0x0000000008009fb0       0x10 C:/ST/STM32CubeIDE_1.10.1/STM32CubeIDE/plugins/com.st.stm32cube.ide.mcu.externaltools.gnu-tools-for-stm32.11.3.rel1.win32_1.1.0.202305231506/tools/bin/../lib/gcc/arm-none-eabi/11.3.1/../../../../arm-none-eabi/lib/thumb/v7e-m+fp/hard\libc_nano.a(libc_a-realloc.o)
                0x0000000008009fb0                realloc
 .text._realloc_r
                0x0000000008009fc0       0x5e C:/ST/STM32CubeIDE_1.10.1/STM32CubeIDE/plugins/com.st.stm32cube.ide.mcu.externaltools.gnu-tools-for-stm32.11.3.rel1.win32_1.1.0.202305231506/tools/bin/../lib/gcc/arm-none-eabi/11.3.1/../../../../arm-none-eabi/lib/thumb/v7e-m+fp/hard\libc_nano.a(libc_a-reallocr.o)
                0x0000000008009fc0                _realloc_r
 .text.memset   0x000000000800a01e       0x10 C:/ST/STM32CubeIDE_1.10.1/STM32CubeIDE/plugins/com.st.stm32cube.ide.mcu.externaltools.gnu-tools-for-stm32.11.3.rel1.win32_1.1.0.202305231506/tools/bin/../lib/gcc/arm-none-eabi/11.3.1/../../../../arm-none-eabi/lib/thumb/v7e-m+fp/hard\libc_nano.a(libc_a-memset.o)
                0x000000000800a01e                memset
 *fill*         0x000000000800a02e        0x2 
 .text.__errno  0x000000000800a030        0xc C:/ST/STM32CubeIDE_1.10.1/STM32CubeIDE/plugins/com.st.stm32cube.ide.mcu.externaltools.gnu-tools-for-stm32.11.3.rel1.win32_1.1.0.202305231506/tools/bin/../lib/gcc/arm-none-eabi/11.3.1/../../../../arm-none-eabi/lib/thumb/v7e-m+fp/hard\libc_nano.a(libc_a-errno.o)
                0x000000000800a030                __errno
 .text.__libc_init_array
                0x000000000800a03c       0x48 C:/ST/STM32CubeIDE_1.10.1/STM32CubeIDE/plugins/com.st.stm32cube.ide.mcu.externaltools.gnu-tools-for-stm32.11.3.rel1.win32_1.1.0.202305231506/tools/bin/../lib/gcc/arm-none-eabi/11.3.1/../../../../arm-none-eabi/lib/thumb/v7e-m+fp/hard\libc_nano.a(libc_a-init.o)
                0x000000000800a03c                __libc_init_array
 .text.__retarget_lock_acquire_recursive
                0x000000000800a084        0x2 C:/ST/STM32CubeIDE_1.10.1/STM32CubeIDE/plugins/com.st.stm32cube.ide.mcu.externaltools.gnu-tools-for-stm32.11.3.rel1.win32_1.1.0.202305231506/tools/bin/../lib/gcc/arm-none-eabi/11.3.1/../../../../arm-none-eabi/lib/thumb/v7e-m+fp/hard\libc_nano.a(libc_a-lock.o)
                0x000000000800a084                __retarget_lock_acquire_recursive
 .text.__retarget_lock_release_recursive
                0x000000000800a086        0x2 C:/ST/STM32CubeIDE_1.10.1/STM32CubeIDE/plugins/com.st.stm32cube.ide.mcu.externaltools.gnu-tools-for-stm32.11.3.rel1.win32_1.1.0.202305231506/tools/bin/../lib/gcc/arm-none-eabi/11.3.1/../../../../arm-none-eabi/lib/thumb/v7e-m+fp/hard\libc_nano.a(libc_a-lock.o)
                0x000000000800a086                __retarget_lock_release_recursive
 .text.memcpy   0x000000000800a088       0x1c C:/ST/STM32CubeIDE_1.10.1/STM32CubeIDE/plugins/com.st.stm32cube.ide.mcu.externaltools.gnu-tools-for-stm32.11.3.rel1.win32_1.1.0.202305231506/tools/bin/../lib/gcc/arm-none-eabi/11.3.1/../../../../arm-none-eabi/lib/thumb/v7e-m+fp/hard\libc_nano.a(libc_a-memcpy-stub.o)
                0x000000000800a088                memcpy
 .text._free_r  0x000000000800a0a4       0x98 C:/ST/STM32CubeIDE_1.10.1/STM32CubeIDE/plugins/com.st.stm32cube.ide.mcu.externaltools.gnu-tools-for-stm32.11.3.rel1.win32_1.1.0.202305231506/tools/bin/../lib/gcc/arm-none-eabi/11.3.1/../../../../arm-none-eabi/lib/thumb/v7e-m+fp/hard\libc_nano.a(libc_a-freer.o)
                0x000000000800a0a4                _free_r
 .text.sbrk_aligned
                0x000000000800a13c       0x40 C:/ST/STM32CubeIDE_1.10.1/STM32CubeIDE/plugins/com.st.stm32cube.ide.mcu.externaltools.gnu-tools-for-stm32.11.3.rel1.win32_1.1.0.202305231506/tools/bin/../lib/gcc/arm-none-eabi/11.3.1/../../../../arm-none-eabi/lib/thumb/v7e-m+fp/hard\libc_nano.a(libc_a-mallocr.o)
 .text._malloc_r
                0x000000000800a17c      0x100 C:/ST/STM32CubeIDE_1.10.1/STM32CubeIDE/plugins/com.st.stm32cube.ide.mcu.externaltools.gnu-tools-for-stm32.11.3.rel1.win32_1.1.0.202305231506/tools/bin/../lib/gcc/arm-none-eabi/11.3.1/../../../../arm-none-eabi/lib/thumb/v7e-m+fp/hard\libc_nano.a(libc_a-mallocr.o)
                0x000000000800a17c                _malloc_r
 .text.__malloc_lock
                0x000000000800a27c        0xc C:/ST/STM32CubeIDE_1.10.1/STM32CubeIDE/plugins/com.st.stm32cube.ide.mcu.externaltools.gnu-tools-for-stm32.11.3.rel1.win32_1.1.0.202305231506/tools/bin/../lib/gcc/arm-none-eabi/11.3.1/../../../../arm-none-eabi/lib/thumb/v7e-m+fp/hard\libc_nano.a(libc_a-mlock.o)
                0x000000000800a27c                __malloc_lock
 .text.__malloc_unlock
                0x000000000800a288        0xc C:/ST/STM32CubeIDE_1.10.1/STM32CubeIDE/plugins/com.st.stm32cube.ide.mcu.externaltools.gnu-tools-for-stm32.11.3.rel1.win32_1.1.0.202305231506/tools/bin/../lib/gcc/arm-none-eabi/11.3.1/../../../../arm-none-eabi/lib/thumb/v7e-m+fp/hard\libc_nano.a(libc_a-mlock.o)
                0x000000000800a288                __malloc_unlock
 .text._malloc_usable_size_r
                0x000000000800a294       0x10 C:/ST/STM32CubeIDE_1.10.1/STM32CubeIDE/plugins/com.st.stm32cube.ide.mcu.externaltools.gnu-tools-for-stm32.11.3.rel1.win32_1.1.0.202305231506/tools/bin/../lib/gcc/arm-none-eabi/11.3.1/../../../../arm-none-eabi/lib/thumb/v7e-m+fp/hard\libc_nano.a(libc_a-msizer.o)
                0x000000000800a294                _malloc_usable_size_r
 .text._sbrk_r  0x000000000800a2a4       0x20 C:/ST/STM32CubeIDE_1.10.1/STM32CubeIDE/plugins/com.st.stm32cube.ide.mcu.externaltools.gnu-tools-for-stm32.11.3.rel1.win32_1.1.0.202305231506/tools/bin/../lib/gcc/arm-none-eabi/11.3.1/../../../../arm-none-eabi/lib/thumb/v7e-m+fp/hard\libc_nano.a(libc_a-sbrkr.o)
                0x000000000800a2a4                _sbrk_r
 *(.glue_7)
 .glue_7        0x000000000800a2c4        0x0 linker stubs
 *(.glue_7t)
 .glue_7t       0x000000000800a2c4        0x0 linker stubs
 *(.eh_frame)
 .eh_frame      0x000000000800a2c4        0x0 C:/ST/STM32CubeIDE_1.10.1/STM32CubeIDE/plugins/com.st.stm32cube.ide.mcu.externaltools.gnu-tools-for-stm32.11.3.rel1.win32_1.1.0.202305231506/tools/bin/../lib/gcc/arm-none-eabi/11.3.1/thumb/v7e-m+fp/hard/crtbegin.o
 *(.init)
 .init          0x000000000800a2c4        0x4 C:/ST/STM32CubeIDE_1.10.1/STM32CubeIDE/plugins/com.st.stm32cube.ide.mcu.externaltools.gnu-tools-for-stm32.11.3.rel1.win32_1.1.0.202305231506/tools/bin/../lib/gcc/arm-none-eabi/11.3.1/thumb/v7e-m+fp/hard/crti.o
                0x000000000800a2c4                _init
 .init          0x000000000800a2c8        0x8 C:/ST/STM32CubeIDE_1.10.1/STM32CubeIDE/plugins/com.st.stm32cube.ide.mcu.externaltools.gnu-tools-for-stm32.11.3.rel1.win32_1.1.0.202305231506/tools/bin/../lib/gcc/arm-none-eabi/11.3.1/thumb/v7e-m+fp/hard/crtn.o
 *(.fini)
 .fini          0x000000000800a2d0        0x4 C:/ST/STM32CubeIDE_1.10.1/STM32CubeIDE/plugins/com.st.stm32cube.ide.mcu.externaltools.gnu-tools-for-stm32.11.3.rel1.win32_1.1.0.202305231506/tools/bin/../lib/gcc/arm-none-eabi/11.3.1/thumb/v7e-m+fp/hard/crti.o
                0x000000000800a2d0                _fini
 .fini          0x000000000800a2d4        0x8 C:/ST/STM32CubeIDE_1.10.1/STM32CubeIDE/plugins/com.st.stm32cube.ide.mcu.externaltools.gnu-tools-for-stm32.11.3.rel1.win32_1.1.0.202305231506/tools/bin/../lib/gcc/arm-none-eabi/11.3.1/thumb/v7e-m+fp/hard/crtn.o
                0x000000000800a2dc                . = ALIGN (0x4)
                0x000000000800a2dc                _etext = .

.vfp11_veneer   0x000000000800a2dc        0x0
 .vfp11_veneer  0x000000000800a2dc        0x0 linker stubs

.v4_bx          0x000000000800a2dc        0x0
 .v4_bx         0x000000000800a2dc        0x0 linker stubs

.iplt           0x000000000800a2dc        0x0
 .iplt          0x000000000800a2dc        0x0 C:/ST/STM32CubeIDE_1.10.1/STM32CubeIDE/plugins/com.st.stm32cube.ide.mcu.externaltools.gnu-tools-for-stm32.11.3.rel1.win32_1.1.0.202305231506/tools/bin/../lib/gcc/arm-none-eabi/11.3.1/thumb/v7e-m+fp/hard/crtbegin.o

.rodata         0x000000000800a2dc      0x2fc
                0x000000000800a2dc                . = ALIGN (0x4)
 *(.rodata)
 .rodata        0x000000000800a2dc      0x1a8 ./Core/Src/ros_port.o
 *(.rodata*)
 .rodata._ZN14rosserial_msgsL12REQUESTPARAME
                0x000000000800a484       0x1c ./Core/Src/ros_port.o
 .rodata._ZTVN3ros10SubscriberIN8std_msgs4Int8EvEE
                0x000000000800a4a0       0x18 ./Core/Src/ros_port.o
                0x000000000800a4a0                vtable for ros::Subscriber<std_msgs::Int8, void>
 .rodata._ZTVN3ros10SubscriberIN13geometry_msgs5PointEvEE
                0x000000000800a4b8       0x18 ./Core/Src/ros_port.o
                0x000000000800a4b8                vtable for ros::Subscriber<geometry_msgs::Point, void>
 .rodata._ZTVN3ros11NodeHandle_I13STM32HardwareLi25ELi25ELi512ELi512EEE
                0x000000000800a4d0       0x14 ./Core/Src/ros_port.o
                0x000000000800a4d0                vtable for ros::NodeHandle_<STM32Hardware, 25, 25, 512, 512>
 .rodata._ZTVN8std_msgs4Int8E
                0x000000000800a4e4       0x18 ./Core/Src/ros_port.o
                0x000000000800a4e4                vtable for std_msgs::Int8
 .rodata._ZTVN13geometry_msgs5PointE
                0x000000000800a4fc       0x18 ./Core/Src/ros_port.o
                0x000000000800a4fc                vtable for geometry_msgs::Point
 .rodata._ZTVN3ros11Subscriber_E
                0x000000000800a514       0x18 ./Core/Src/ros_port.o
                0x000000000800a514                vtable for ros::Subscriber_
 .rodata._ZTVN3ros15NodeHandleBase_E
                0x000000000800a52c       0x14 ./Core/Src/ros_port.o
                0x000000000800a52c                vtable for ros::NodeHandleBase_
 .rodata._ZTVN14rosserial_msgs20RequestParamResponseE
                0x000000000800a540       0x18 ./Core/Src/ros_port.o
                0x000000000800a540                vtable for rosserial_msgs::RequestParamResponse
 .rodata._ZTVN14rosserial_msgs3LogE
                0x000000000800a558       0x18 ./Core/Src/ros_port.o
                0x000000000800a558                vtable for rosserial_msgs::Log
 .rodata._ZTVN14rosserial_msgs9TopicInfoE
                0x000000000800a570       0x18 ./Core/Src/ros_port.o
                0x000000000800a570                vtable for rosserial_msgs::TopicInfo
 .rodata._ZTVN8std_msgs4TimeE
                0x000000000800a588       0x18 ./Core/Src/ros_port.o
                0x000000000800a588                vtable for std_msgs::Time
 .rodata._ZTVN3ros3MsgE
                0x000000000800a5a0       0x18 ./Core/Src/ros_port.o
                0x000000000800a5a0                vtable for ros::Msg
 .rodata.AHBPrescTable
                0x000000000800a5b8       0x10 ./Core/Src/system_stm32f4xx.o
                0x000000000800a5b8                AHBPrescTable
 .rodata.APBPrescTable
                0x000000000800a5c8        0x8 ./Core/Src/system_stm32f4xx.o
                0x000000000800a5c8                APBPrescTable
 .rodata.flagBitshiftOffset.0
                0x000000000800a5d0        0x8 ./Drivers/STM32F4xx_HAL_Driver/Src/stm32f4xx_hal_dma.o
                0x000000000800a5d8                . = ALIGN (0x4)

.ARM.extab      0x000000000800a5d8        0x0
                0x000000000800a5d8                . = ALIGN (0x4)
 *(.ARM.extab* .gnu.linkonce.armextab.*)
                0x000000000800a5d8                . = ALIGN (0x4)

.ARM            0x000000000800a5d8        0x8
                0x000000000800a5d8                . = ALIGN (0x4)
                0x000000000800a5d8                __exidx_start = .
 *(.ARM.exidx*)
 .ARM.exidx     0x000000000800a5d8        0x8 C:/ST/STM32CubeIDE_1.10.1/STM32CubeIDE/plugins/com.st.stm32cube.ide.mcu.externaltools.gnu-tools-for-stm32.11.3.rel1.win32_1.1.0.202305231506/tools/bin/../lib/gcc/arm-none-eabi/11.3.1/thumb/v7e-m+fp/hard\libgcc.a(_udivmoddi4.o)
                0x000000000800a5e0                __exidx_end = .
                0x000000000800a5e0                . = ALIGN (0x4)

.rel.dyn        0x000000000800a5e0        0x0
 .rel.iplt      0x000000000800a5e0        0x0 C:/ST/STM32CubeIDE_1.10.1/STM32CubeIDE/plugins/com.st.stm32cube.ide.mcu.externaltools.gnu-tools-for-stm32.11.3.rel1.win32_1.1.0.202305231506/tools/bin/../lib/gcc/arm-none-eabi/11.3.1/thumb/v7e-m+fp/hard/crtbegin.o

.preinit_array  0x000000000800a5e0        0x0
                0x000000000800a5e0                . = ALIGN (0x4)
                0x000000000800a5e0                PROVIDE (__preinit_array_start = .)
 *(.preinit_array*)
                0x000000000800a5e0                PROVIDE (__preinit_array_end = .)
                0x000000000800a5e0                . = ALIGN (0x4)

.init_array     0x000000000800a5e0        0x8
                0x000000000800a5e0                . = ALIGN (0x4)
                0x000000000800a5e0                PROVIDE (__init_array_start = .)
 *(SORT_BY_NAME(.init_array.*))
 *(.init_array*)
 .init_array    0x000000000800a5e0        0x4 C:/ST/STM32CubeIDE_1.10.1/STM32CubeIDE/plugins/com.st.stm32cube.ide.mcu.externaltools.gnu-tools-for-stm32.11.3.rel1.win32_1.1.0.202305231506/tools/bin/../lib/gcc/arm-none-eabi/11.3.1/thumb/v7e-m+fp/hard/crtbegin.o
 .init_array    0x000000000800a5e4        0x4 ./Core/Src/ros_port.o
                0x000000000800a5e8                PROVIDE (__init_array_end = .)
                0x000000000800a5e8                . = ALIGN (0x4)

.fini_array     0x000000000800a5e8        0x4
                0x000000000800a5e8                . = ALIGN (0x4)
                [!provide]                        PROVIDE (__fini_array_start = .)
 *(SORT_BY_NAME(.fini_array.*))
 *(.fini_array*)
 .fini_array    0x000000000800a5e8        0x4 C:/ST/STM32CubeIDE_1.10.1/STM32CubeIDE/plugins/com.st.stm32cube.ide.mcu.externaltools.gnu-tools-for-stm32.11.3.rel1.win32_1.1.0.202305231506/tools/bin/../lib/gcc/arm-none-eabi/11.3.1/thumb/v7e-m+fp/hard/crtbegin.o
                [!provide]                        PROVIDE (__fini_array_end = .)
                0x000000000800a5ec                . = ALIGN (0x4)
                0x000000000800a5ec                _sidata = LOADADDR (.data)

.data           0x0000000020000000       0x8c load address 0x000000000800a5ec
                0x0000000020000000                . = ALIGN (0x4)
                0x0000000020000000                _sdata = .
 *(.data)
 *(.data*)
 .data.laji_reset
                0x0000000020000000        0x4 ./Core/Src/baseball_intake.o
                0x0000000020000000                laji_reset
 .data.laji_ok  0x0000000020000004        0x4 ./Core/Src/baseball_intake.o
                0x0000000020000004                laji_ok
 .data.angle_seat
                0x0000000020000008        0x8 ./Core/Src/shooter.o
                0x0000000020000008                angle_seat
 .data.seat_mode
                0x0000000020000010        0x4 ./Core/Src/shooter.o
                0x0000000020000010                seat_mode
 .data.reset    0x0000000020000014        0x4 ./Core/Src/shooter_base.o
                0x0000000020000014                reset
 .data.hz_pos_limit
                0x0000000020000018        0x8 ./Core/Src/shooter_base.o
                0x0000000020000018                hz_pos_limit
 .data.hz_neg_limit
                0x0000000020000020        0x8 ./Core/Src/shooter_base.o
                0x0000000020000020                hz_neg_limit
 .data.ev_limit
                0x0000000020000028        0x8 ./Core/Src/shooter_base.o
                0x0000000020000028                ev_limit
 .data.SystemCoreClock
                0x0000000020000030        0x4 ./Core/Src/system_stm32f4xx.o
                0x0000000020000030                SystemCoreClock
 .data.uwTickPrio
                0x0000000020000034        0x4 ./Drivers/STM32F4xx_HAL_Driver/Src/stm32f4xx_hal.o
                0x0000000020000034                uwTickPrio
 .data.uwTickFreq
                0x0000000020000038        0x1 ./Drivers/STM32F4xx_HAL_Driver/Src/stm32f4xx_hal.o
                0x0000000020000038                uwTickFreq
 *fill*         0x0000000020000039        0x3 
 .data._impure_data
                0x000000002000003c       0x4c C:/ST/STM32CubeIDE_1.10.1/STM32CubeIDE/plugins/com.st.stm32cube.ide.mcu.externaltools.gnu-tools-for-stm32.11.3.rel1.win32_1.1.0.202305231506/tools/bin/../lib/gcc/arm-none-eabi/11.3.1/../../../../arm-none-eabi/lib/thumb/v7e-m+fp/hard\libc_nano.a(libc_a-impure.o)
                0x000000002000003c                _impure_data
 .data._impure_ptr
                0x0000000020000088        0x4 C:/ST/STM32CubeIDE_1.10.1/STM32CubeIDE/plugins/com.st.stm32cube.ide.mcu.externaltools.gnu-tools-for-stm32.11.3.rel1.win32_1.1.0.202305231506/tools/bin/../lib/gcc/arm-none-eabi/11.3.1/../../../../arm-none-eabi/lib/thumb/v7e-m+fp/hard\libc_nano.a(libc_a-impure.o)
                0x0000000020000088                _impure_ptr
 *(.RamFunc)
 *(.RamFunc*)
                0x000000002000008c                . = ALIGN (0x4)
                0x000000002000008c                _edata = .

.igot.plt       0x000000002000008c        0x0 load address 0x000000000800a678
 .igot.plt      0x000000002000008c        0x0 C:/ST/STM32CubeIDE_1.10.1/STM32CubeIDE/plugins/com.st.stm32cube.ide.mcu.externaltools.gnu-tools-for-stm32.11.3.rel1.win32_1.1.0.202305231506/tools/bin/../lib/gcc/arm-none-eabi/11.3.1/thumb/v7e-m+fp/hard/crtbegin.o
                0x000000002000008c                . = ALIGN (0x4)

.bss            0x0000000020000090     0x1b20 load address 0x000000000800a678
                0x0000000020000090                _sbss = .
                0x0000000020000090                __bss_start__ = _sbss
 *(.bss)
 .bss           0x0000000020000090       0x1c C:/ST/STM32CubeIDE_1.10.1/STM32CubeIDE/plugins/com.st.stm32cube.ide.mcu.externaltools.gnu-tools-for-stm32.11.3.rel1.win32_1.1.0.202305231506/tools/bin/../lib/gcc/arm-none-eabi/11.3.1/thumb/v7e-m+fp/hard/crtbegin.o
 *(.bss*)
 *fill*         0x00000000200000ac        0x4 
 .bss.angle_hz  0x00000000200000b0        0x8 ./Core/Src/TIM_IT.o
                0x00000000200000b0                angle_hz
 .bss.angle_ev  0x00000000200000b8        0x8 ./Core/Src/TIM_IT.o
                0x00000000200000b8                angle_ev
 .bss.t         0x00000000200000c0        0x4 ./Core/Src/TIM_IT.o
                0x00000000200000c0                t
 .bss.x         0x00000000200000c4        0x4 ./Core/Src/TIM_IT.o
                0x00000000200000c4                x
 .bss.fliping   0x00000000200000c8        0x4 ./Core/Src/baseball_intake.o
                0x00000000200000c8                fliping
 .bss.lifting   0x00000000200000cc        0x4 ./Core/Src/baseball_intake.o
                0x00000000200000cc                lifting
 .bss.laji_cmd  0x00000000200000d0        0x4 ./Core/Src/baseball_intake.o
                0x00000000200000d0                laji_cmd
 .bss.cmd       0x00000000200000d4        0x4 ./Core/Src/baseball_intake.o
                0x00000000200000d4                cmd
 .bss._ZZ18fliping_RisingEdgeiE8previous
                0x00000000200000d8        0x4 ./Core/Src/baseball_intake.o
 .bss._ZZ18lifting_RisingEdgeiE8previous
                0x00000000200000dc        0x4 ./Core/Src/baseball_intake.o
 .bss._ZZ12laji_controlvE1a
                0x00000000200000e0        0x4 ./Core/Src/baseball_intake.o
 .bss.htim1     0x00000000200000e4       0x48 ./Core/Src/main.o
                0x00000000200000e4                htim1
 .bss.htim2     0x000000002000012c       0x48 ./Core/Src/main.o
                0x000000002000012c                htim2
 .bss.htim3     0x0000000020000174       0x48 ./Core/Src/main.o
                0x0000000020000174                htim3
 .bss.htim4     0x00000000200001bc       0x48 ./Core/Src/main.o
                0x00000000200001bc                htim4
 .bss.htim5     0x0000000020000204       0x48 ./Core/Src/main.o
                0x0000000020000204                htim5
 .bss.htim8     0x000000002000024c       0x48 ./Core/Src/main.o
                0x000000002000024c                htim8
 .bss.htim12    0x0000000020000294       0x48 ./Core/Src/main.o
                0x0000000020000294                htim12
 .bss.huart2    0x00000000200002dc       0x44 ./Core/Src/main.o
                0x00000000200002dc                huart2
 .bss.hdma_usart2_rx
                0x0000000020000320       0x60 ./Core/Src/main.o
                0x0000000020000320                hdma_usart2_rx
 .bss.hdma_usart2_tx
                0x0000000020000380       0x60 ./Core/Src/main.o
                0x0000000020000380                hdma_usart2_tx
 .bss.fu        0x00000000200003e0        0x4 ./Core/Src/mainpp.o
                0x00000000200003e0                fu
 .bss.fl        0x00000000200003e4        0x4 ./Core/Src/mainpp.o
                0x00000000200003e4                fl
 .bss.lu        0x00000000200003e8        0x4 ./Core/Src/mainpp.o
                0x00000000200003e8                lu
 .bss.ll        0x00000000200003ec        0x4 ./Core/Src/mainpp.o
                0x00000000200003ec                ll
 .bss._ZZN13STM32Hardware5flushEvE5mutex
                0x00000000200003f0        0x1 ./Core/Src/ros_port.o
                0x00000000200003f0                STM32Hardware::flush()::mutex
 *fill*         0x00000000200003f1        0x3 
 .bss.flag      0x00000000200003f4        0x4 ./Core/Src/ros_port.o
                0x00000000200003f4                flag
 .bss.laji      0x00000000200003f8        0x8 ./Core/Src/ros_port.o
                0x00000000200003f8                laji
 .bss.nh        0x0000000020000400     0x153c ./Core/Src/ros_port.o
                0x0000000020000400                nh
 *fill*         0x000000002000193c        0x4 
 .bss.sub_angle
                0x0000000020001940       0x38 ./Core/Src/ros_port.o
                0x0000000020001940                sub_angle
 .bss.sub_ori   0x0000000020001978       0x1c ./Core/Src/ros_port.o
                0x0000000020001978                sub_ori
 .bss.sub_laji  0x0000000020001994       0x1c ./Core/Src/ros_port.o
                0x0000000020001994                sub_laji
 .bss.pub_laji  0x00000000200019b0       0x14 ./Core/Src/ros_port.o
                0x00000000200019b0                pub_laji
 *fill*         0x00000000200019c4        0x4 
 .bss.target_length
                0x00000000200019c8        0x8 ./Core/Src/shooter.o
                0x00000000200019c8                target_length
 .bss.actual_length
                0x00000000200019d0        0x8 ./Core/Src/shooter.o
                0x00000000200019d0                actual_length
 .bss.seat_ok   0x00000000200019d8        0x4 ./Core/Src/shooter.o
                0x00000000200019d8                seat_ok
 .bss.check_hook
                0x00000000200019dc        0x4 ./Core/Src/shooter.o
                0x00000000200019dc                check_hook
 .bss.check_fire
                0x00000000200019e0        0x4 ./Core/Src/shooter.o
                0x00000000200019e0                check_fire
 .bss.delay     0x00000000200019e4        0x4 ./Core/Src/shooter.o
                0x00000000200019e4                delay
 .bss.return_value
                0x00000000200019e8        0x4 ./Core/Src/shooter.o
                0x00000000200019e8                return_value
 .bss.enc_st    0x00000000200019ec        0x2 ./Core/Src/shooter.o
                0x00000000200019ec                enc_st
 *fill*         0x00000000200019ee        0x2 
 .bss.angle_st  0x00000000200019f0        0x8 ./Core/Src/shooter.o
                0x00000000200019f0                angle_st
 .bss.enc_hz    0x00000000200019f8        0x2 ./Core/Src/shooter_base.o
                0x00000000200019f8                enc_hz
 .bss.enc_ev    0x00000000200019fa        0x2 ./Core/Src/shooter_base.o
                0x00000000200019fa                enc_ev
 *fill*         0x00000000200019fc        0x4 
 .bss.target_hz
                0x0000000020001a00        0x8 ./Core/Src/shooter_base.o
                0x0000000020001a00                target_hz
 .bss.target_ev
                0x0000000020001a08        0x8 ./Core/Src/shooter_base.o
                0x0000000020001a08                target_ev
 .bss.hz_ok     0x0000000020001a10        0x4 ./Core/Src/shooter_base.o
                0x0000000020001a10                hz_ok
 .bss.ev_ok     0x0000000020001a14        0x4 ./Core/Src/shooter_base.o
                0x0000000020001a14                ev_ok
 .bss.et_hz     0x0000000020001a18        0x8 ./Core/Src/shooter_base.o
                0x0000000020001a18                et_hz
 .bss.et_ev     0x0000000020001a20        0x8 ./Core/Src/shooter_base.o
                0x0000000020001a20                et_ev
 .bss.sigma_et_hz
                0x0000000020001a28        0x8 ./Core/Src/shooter_base.o
                0x0000000020001a28                sigma_et_hz
 .bss.sigma_et_ev
                0x0000000020001a30        0x8 ./Core/Src/shooter_base.o
                0x0000000020001a30                sigma_et_ev
 .bss.ut_hz     0x0000000020001a38        0x8 ./Core/Src/shooter_base.o
                0x0000000020001a38                ut_hz
 .bss.ut_ev     0x0000000020001a40        0x8 ./Core/Src/shooter_base.o
                0x0000000020001a40                ut_ev
 .bss.last_et_hz
                0x0000000020001a48        0x8 ./Core/Src/shooter_base.o
                0x0000000020001a48                last_et_hz
 .bss.last_et_ev
                0x0000000020001a50        0x8 ./Core/Src/shooter_base.o
                0x0000000020001a50                last_et_ev
 .bss.hz_origin
                0x0000000020001a58        0x4 ./Core/Src/shooter_base.o
                0x0000000020001a58                hz_origin
 .bss.ev_origin
                0x0000000020001a5c        0x4 ./Core/Src/shooter_base.o
                0x0000000020001a5c                ev_origin
 .bss.__sbrk_heap_end
                0x0000000020001a60        0x4 ./Core/Src/sysmem.o
 .bss.uwTick    0x0000000020001a64        0x4 ./Drivers/STM32F4xx_HAL_Driver/Src/stm32f4xx_hal.o
                0x0000000020001a64                uwTick
 .bss.__sf      0x0000000020001a68      0x138 C:/ST/STM32CubeIDE_1.10.1/STM32CubeIDE/plugins/com.st.stm32cube.ide.mcu.externaltools.gnu-tools-for-stm32.11.3.rel1.win32_1.1.0.202305231506/tools/bin/../lib/gcc/arm-none-eabi/11.3.1/../../../../arm-none-eabi/lib/thumb/v7e-m+fp/hard\libc_nano.a(libc_a-findfp.o)
                0x0000000020001a68                __sf
 .bss.errno     0x0000000020001ba0        0x4 C:/ST/STM32CubeIDE_1.10.1/STM32CubeIDE/plugins/com.st.stm32cube.ide.mcu.externaltools.gnu-tools-for-stm32.11.3.rel1.win32_1.1.0.202305231506/tools/bin/../lib/gcc/arm-none-eabi/11.3.1/../../../../arm-none-eabi/lib/thumb/v7e-m+fp/hard\libc_nano.a(libc_a-reent.o)
                0x0000000020001ba0                errno
 .bss.__lock___malloc_recursive_mutex
                0x0000000020001ba4        0x1 C:/ST/STM32CubeIDE_1.10.1/STM32CubeIDE/plugins/com.st.stm32cube.ide.mcu.externaltools.gnu-tools-for-stm32.11.3.rel1.win32_1.1.0.202305231506/tools/bin/../lib/gcc/arm-none-eabi/11.3.1/../../../../arm-none-eabi/lib/thumb/v7e-m+fp/hard\libc_nano.a(libc_a-lock.o)
                0x0000000020001ba4                __lock___malloc_recursive_mutex
 *fill*         0x0000000020001ba5        0x3 
 .bss.__malloc_free_list
                0x0000000020001ba8        0x4 C:/ST/STM32CubeIDE_1.10.1/STM32CubeIDE/plugins/com.st.stm32cube.ide.mcu.externaltools.gnu-tools-for-stm32.11.3.rel1.win32_1.1.0.202305231506/tools/bin/../lib/gcc/arm-none-eabi/11.3.1/../../../../arm-none-eabi/lib/thumb/v7e-m+fp/hard\libc_nano.a(libc_a-mallocr.o)
                0x0000000020001ba8                __malloc_free_list
 .bss.__malloc_sbrk_start
                0x0000000020001bac        0x4 C:/ST/STM32CubeIDE_1.10.1/STM32CubeIDE/plugins/com.st.stm32cube.ide.mcu.externaltools.gnu-tools-for-stm32.11.3.rel1.win32_1.1.0.202305231506/tools/bin/../lib/gcc/arm-none-eabi/11.3.1/../../../../arm-none-eabi/lib/thumb/v7e-m+fp/hard\libc_nano.a(libc_a-mallocr.o)
                0x0000000020001bac                __malloc_sbrk_start
 *(COMMON)
                0x0000000020001bb0                . = ALIGN (0x4)
                0x0000000020001bb0                _ebss = .
                0x0000000020001bb0                __bss_end__ = _ebss

._user_heap_stack
                0x0000000020001bb0      0x600 load address 0x000000000800a678
                0x0000000020001bb0                . = ALIGN (0x8)
                [!provide]                        PROVIDE (end = .)
                0x0000000020001bb0                PROVIDE (_end = .)
                0x0000000020001db0                . = (. + _Min_Heap_Size)
 *fill*         0x0000000020001bb0      0x200 
                0x00000000200021b0                . = (. + _Min_Stack_Size)
 *fill*         0x0000000020001db0      0x400 
                0x00000000200021b0                . = ALIGN (0x8)

/DISCARD/
 libc.a(*)
 libm.a(*)
 libgcc.a(*)

.ARM.attributes
                0x0000000000000000       0x30
 *(.ARM.attributes)
 .ARM.attributes
                0x0000000000000000       0x1e C:/ST/STM32CubeIDE_1.10.1/STM32CubeIDE/plugins/com.st.stm32cube.ide.mcu.externaltools.gnu-tools-for-stm32.11.3.rel1.win32_1.1.0.202305231506/tools/bin/../lib/gcc/arm-none-eabi/11.3.1/thumb/v7e-m+fp/hard/crti.o
 .ARM.attributes
                0x000000000000001e       0x34 C:/ST/STM32CubeIDE_1.10.1/STM32CubeIDE/plugins/com.st.stm32cube.ide.mcu.externaltools.gnu-tools-for-stm32.11.3.rel1.win32_1.1.0.202305231506/tools/bin/../lib/gcc/arm-none-eabi/11.3.1/thumb/v7e-m+fp/hard/crtbegin.o
 .ARM.attributes
                0x0000000000000052       0x34 ./Core/Inc/time.o
 .ARM.attributes
                0x0000000000000086       0x34 ./Core/Src/TIM_IT.o
 .ARM.attributes
                0x00000000000000ba       0x34 ./Core/Src/baseball_intake.o
 .ARM.attributes
                0x00000000000000ee       0x34 ./Core/Src/main.o
 .ARM.attributes
                0x0000000000000122       0x34 ./Core/Src/mainpp.o
 .ARM.attributes
                0x0000000000000156       0x34 ./Core/Src/ros_port.o
 .ARM.attributes
                0x000000000000018a       0x34 ./Core/Src/shooter.o
 .ARM.attributes
                0x00000000000001be       0x34 ./Core/Src/shooter_base.o
 .ARM.attributes
                0x00000000000001f2       0x34 ./Core/Src/stm32f4xx_hal_msp.o
 .ARM.attributes
                0x0000000000000226       0x34 ./Core/Src/stm32f4xx_it.o
 .ARM.attributes
                0x000000000000025a       0x34 ./Core/Src/sysmem.o
 .ARM.attributes
                0x000000000000028e       0x34 ./Core/Src/system_stm32f4xx.o
 .ARM.attributes
                0x00000000000002c2       0x21 ./Core/Startup/startup_stm32f446retx.o
 .ARM.attributes
                0x00000000000002e3       0x34 ./Drivers/STM32F4xx_HAL_Driver/Src/stm32f4xx_hal.o
 .ARM.attributes
                0x0000000000000317       0x34 ./Drivers/STM32F4xx_HAL_Driver/Src/stm32f4xx_hal_cortex.o
 .ARM.attributes
                0x000000000000034b       0x34 ./Drivers/STM32F4xx_HAL_Driver/Src/stm32f4xx_hal_dma.o
 .ARM.attributes
                0x000000000000037f       0x34 ./Drivers/STM32F4xx_HAL_Driver/Src/stm32f4xx_hal_gpio.o
 .ARM.attributes
                0x00000000000003b3       0x34 ./Drivers/STM32F4xx_HAL_Driver/Src/stm32f4xx_hal_rcc.o
 .ARM.attributes
                0x00000000000003e7       0x34 ./Drivers/STM32F4xx_HAL_Driver/Src/stm32f4xx_hal_rcc_ex.o
 .ARM.attributes
                0x000000000000041b       0x34 ./Drivers/STM32F4xx_HAL_Driver/Src/stm32f4xx_hal_tim.o
 .ARM.attributes
                0x000000000000044f       0x34 ./Drivers/STM32F4xx_HAL_Driver/Src/stm32f4xx_hal_tim_ex.o
 .ARM.attributes
                0x0000000000000483       0x34 ./Drivers/STM32F4xx_HAL_Driver/Src/stm32f4xx_hal_uart.o
 .ARM.attributes
                0x00000000000004b7       0x34 C:/ST/STM32CubeIDE_1.10.1/STM32CubeIDE/plugins/com.st.stm32cube.ide.mcu.externaltools.gnu-tools-for-stm32.11.3.rel1.win32_1.1.0.202305231506/tools/bin/../lib/gcc/arm-none-eabi/11.3.1/../../../../arm-none-eabi/lib/thumb/v7e-m+fp/hard\libc_nano.a(libc_a-realloc.o)
 .ARM.attributes
                0x00000000000004eb       0x34 C:/ST/STM32CubeIDE_1.10.1/STM32CubeIDE/plugins/com.st.stm32cube.ide.mcu.externaltools.gnu-tools-for-stm32.11.3.rel1.win32_1.1.0.202305231506/tools/bin/../lib/gcc/arm-none-eabi/11.3.1/../../../../arm-none-eabi/lib/thumb/v7e-m+fp/hard\libc_nano.a(libc_a-reallocr.o)
 .ARM.attributes
                0x000000000000051f       0x34 C:/ST/STM32CubeIDE_1.10.1/STM32CubeIDE/plugins/com.st.stm32cube.ide.mcu.externaltools.gnu-tools-for-stm32.11.3.rel1.win32_1.1.0.202305231506/tools/bin/../lib/gcc/arm-none-eabi/11.3.1/../../../../arm-none-eabi/lib/thumb/v7e-m+fp/hard\libc_nano.a(libc_a-findfp.o)
 .ARM.attributes
                0x0000000000000553       0x34 C:/ST/STM32CubeIDE_1.10.1/STM32CubeIDE/plugins/com.st.stm32cube.ide.mcu.externaltools.gnu-tools-for-stm32.11.3.rel1.win32_1.1.0.202305231506/tools/bin/../lib/gcc/arm-none-eabi/11.3.1/../../../../arm-none-eabi/lib/thumb/v7e-m+fp/hard\libc_nano.a(libc_a-memset.o)
 .ARM.attributes
                0x0000000000000587       0x34 C:/ST/STM32CubeIDE_1.10.1/STM32CubeIDE/plugins/com.st.stm32cube.ide.mcu.externaltools.gnu-tools-for-stm32.11.3.rel1.win32_1.1.0.202305231506/tools/bin/../lib/gcc/arm-none-eabi/11.3.1/../../../../arm-none-eabi/lib/thumb/v7e-m+fp/hard\libc_nano.a(libc_a-reent.o)
 .ARM.attributes
                0x00000000000005bb       0x34 C:/ST/STM32CubeIDE_1.10.1/STM32CubeIDE/plugins/com.st.stm32cube.ide.mcu.externaltools.gnu-tools-for-stm32.11.3.rel1.win32_1.1.0.202305231506/tools/bin/../lib/gcc/arm-none-eabi/11.3.1/../../../../arm-none-eabi/lib/thumb/v7e-m+fp/hard\libc_nano.a(libc_a-impure.o)
 .ARM.attributes
                0x00000000000005ef       0x34 C:/ST/STM32CubeIDE_1.10.1/STM32CubeIDE/plugins/com.st.stm32cube.ide.mcu.externaltools.gnu-tools-for-stm32.11.3.rel1.win32_1.1.0.202305231506/tools/bin/../lib/gcc/arm-none-eabi/11.3.1/../../../../arm-none-eabi/lib/thumb/v7e-m+fp/hard\libc_nano.a(libc_a-errno.o)
 .ARM.attributes